D:/PhD/Workspace/Git_phd/phd/research/embedded_security/attest_app/Middlewares/secure_manager_api/interface/inc/psa/crypto_struct.h:122:50:psa_key_attributes_init	48	static
D:/PhD/Workspace/Git_phd/phd/research/embedded_security/attest_app/Middlewares/secure_manager_api/interface/inc/psa/crypto_struct.h:128:20:psa_set_key_id	24	static
D:/PhD/Workspace/Git_phd/phd/research/embedded_security/attest_app/Middlewares/secure_manager_api/interface/inc/psa/crypto_struct.h:166:20:psa_set_key_usage_flags	16	static
D:/PhD/Workspace/Git_phd/phd/research/embedded_security/attest_app/Middlewares/secure_manager_api/interface/inc/psa/crypto_struct.h:178:20:psa_set_key_algorithm	16	static
D:/PhD/Workspace/Git_phd/phd/research/embedded_security/attest_app/Middlewares/secure_manager_api/interface/inc/psa/crypto_struct.h:190:20:psa_set_key_type	16	static
D:/PhD/Workspace/Git_phd/phd/research/embedded_security/attest_app/Src/SM/cryp.c:39:13:FW_APP_CRYPTO_PrintMenu	8	static
D:/PhD/Workspace/Git_phd/phd/research/embedded_security/attest_app/Src/SM/cryp.c:68:6:FW_APP_CRYPTO_Run	72	static
D:/PhD/Workspace/Git_phd/phd/research/embedded_security/attest_app/Src/SM/cryp.c:235:13:FW_APP_CRYPTO_DisplayAead	8	static
D:/PhD/Workspace/Git_phd/phd/research/embedded_security/attest_app/Src/SM/cryp.c:252:13:FW_APP_CRYPTO_EcdsaSignMsg	264	static
