E:\Installs\stmcubeide\STM32CubeIDE_1.15.0\STM32CubeIDE\plugins\com.st.stm32cube.ide.mcu.externaltools.gnu-tools-for-stm32\tools\bin\../lib/gcc/arm-none-eabi/12.3.1/../../../../arm-none-eabi/include/c++/12.3.1/limits:1204:7:static constexpr long int std::numeric_limits<long int>::min()	4	static
E:\Installs\stmcubeide\STM32CubeIDE_1.15.0\STM32CubeIDE\plugins\com.st.stm32cube.ide.mcu.externaltools.gnu-tools-for-stm32\tools\bin\../lib/gcc/arm-none-eabi/12.3.1/../../../../arm-none-eabi/include/c++/12.3.1/limits:1207:7:static constexpr long int std::numeric_limits<long int>::max()	4	static
D:/PhD/Workspace/Git_phd/phd/research/embedded_security/attest_app/Middlewares/tensorflow/third_party/gemmlowp/fixedpoint/fixedpoint.h:329:21:IntegerType gemmlowp::SaturatingRoundingDoublingHighMul(IntegerType, IntegerType) [with IntegerType = long int]	104	static
D:/PhD/Workspace/Git_phd/phd/research/embedded_security/attest_app/Middlewares/tensorflow/tensorflow/lite/kernels/op_macros.h:24:13:void AbortImpl()	8	static
D:/PhD/Workspace/Git_phd/phd/research/embedded_security/attest_app/Middlewares/tensorflow/tensorflow/lite/kernels/internal/runtime_shape.h:62:3:tflite::RuntimeShape::~RuntimeShape()	16	static
D:/PhD/Workspace/Git_phd/phd/research/embedded_security/attest_app/Middlewares/tensorflow/tensorflow/lite/kernels/internal/runtime_shape.h:64:11:int32_t tflite::RuntimeShape::DimensionsCount() const	16	static
D:/PhD/Workspace/Git_phd/phd/research/embedded_security/attest_app/Middlewares/tensorflow/tensorflow/lite/kernels/internal/runtime_shape.h:65:11:int32_t tflite::RuntimeShape::Dims(int) const	16	static
D:/PhD/Workspace/Git_phd/phd/research/embedded_security/attest_app/Middlewares/tensorflow/tensorflow/lite/kernels/internal/runtime_shape.h:82:18:const int32_t* tflite::RuntimeShape::DimsData() const	16	static
D:/PhD/Workspace/Git_phd/phd/research/embedded_security/attest_app/Middlewares/tensorflow/tensorflow/lite/kernels/internal/runtime_shape.h:94:7:int tflite::RuntimeShape::FlatSize() const	32	static
D:/PhD/Workspace/Git_phd/phd/research/embedded_security/attest_app/Middlewares/tensorflow/tensorflow/lite/kernels/internal/runtime_shape.h:131:12:int tflite::Offset(const RuntimeShape&, int, int, int, int)	32	static
D:/PhD/Workspace/Git_phd/phd/research/embedded_security/attest_app/Middlewares/tensorflow/tensorflow/lite/kernels/internal/types.h:312:12:int tflite::MatchingFlatSize(const RuntimeShape&, const RuntimeShape&)	32	static
D:/PhD/Workspace/Git_phd/phd/research/embedded_security/attest_app/Middlewares/tensorflow/tensorflow/lite/kernels/internal/types.h:322:12:int tflite::MatchingFlatSize(const RuntimeShape&, const RuntimeShape&, const RuntimeShape&)	40	static
D:/PhD/Workspace/Git_phd/phd/research/embedded_security/attest_app/Middlewares/tensorflow/tensorflow/lite/kernels/internal/common.h:239:16:int32_t tflite::MultiplyByQuantizedMultiplierSmallerThanOneExp(int32_t, int32_t, int)	24	static
D:/PhD/Workspace/Git_phd/phd/research/embedded_security/attest_app/Middlewares/tensorflow/tensorflow/lite/kernels/internal/common.h:931:12:int tflite::SubscriptToIndex(const NdArrayDesc<4>&, int, int, int, int)	24	static
E:\Installs\stmcubeide\STM32CubeIDE_1.15.0\STM32CubeIDE\plugins\com.st.stm32cube.ide.mcu.externaltools.gnu-tools-for-stm32\tools\arm-none-eabi\include\c++\12.3.1\arm-none-eabi\thumb\v8-m.main+fp\hard\bits\gthr-default.h:229:1:int __gthread_key_delete(__gthread_key_t)	16	static
D:/PhD/Workspace/Git_phd/phd/research/embedded_security/attest_app/Middlewares/tensorflow/tensorflow/lite/micro/micro_context.h:146:22:tflite::MicroContext* tflite::GetMicroContext(const TfLiteContext*)	16	static
D:/PhD/Workspace/Git_phd/phd/research/embedded_security/attest_app/Middlewares/tensorflow/tensorflow/lite/micro/kernels/comparisons.cc:36:14:TfLiteStatus tflite::{anonymous}::EqualEval(TfLiteContext*, TfLiteNode*)	152	static
D:/PhD/Workspace/Git_phd/phd/research/embedded_security/attest_app/Middlewares/tensorflow/tensorflow/lite/micro/kernels/comparisons.cc:128:14:TfLiteStatus tflite::{anonymous}::NotEqualEval(TfLiteContext*, TfLiteNode*)	152	static
D:/PhD/Workspace/Git_phd/phd/research/embedded_security/attest_app/Middlewares/tensorflow/tensorflow/lite/micro/kernels/comparisons.cc:219:14:TfLiteStatus tflite::{anonymous}::GreaterEval(TfLiteContext*, TfLiteNode*)	152	static
D:/PhD/Workspace/Git_phd/phd/research/embedded_security/attest_app/Middlewares/tensorflow/tensorflow/lite/micro/kernels/comparisons.cc:297:14:TfLiteStatus tflite::{anonymous}::GreaterEqualEval(TfLiteContext*, TfLiteNode*)	152	static
D:/PhD/Workspace/Git_phd/phd/research/embedded_security/attest_app/Middlewares/tensorflow/tensorflow/lite/micro/kernels/comparisons.cc:375:14:TfLiteStatus tflite::{anonymous}::LessEval(TfLiteContext*, TfLiteNode*)	152	static
D:/PhD/Workspace/Git_phd/phd/research/embedded_security/attest_app/Middlewares/tensorflow/tensorflow/lite/micro/kernels/comparisons.cc:453:14:TfLiteStatus tflite::{anonymous}::LessEqualEval(TfLiteContext*, TfLiteNode*)	152	static
D:/PhD/Workspace/Git_phd/phd/research/embedded_security/attest_app/Middlewares/tensorflow/tensorflow/lite/micro/kernels/comparisons.cc:531:7:void* tflite::{anonymous}::Init(TfLiteContext*, const char*, size_t)	24	static
D:/PhD/Workspace/Git_phd/phd/research/embedded_security/attest_app/Middlewares/tensorflow/tensorflow/lite/micro/kernels/comparisons.cc:536:14:TfLiteStatus tflite::{anonymous}::Prepare(TfLiteContext*, TfLiteNode*)	80	static
D:/PhD/Workspace/Git_phd/phd/research/embedded_security/attest_app/Middlewares/tensorflow/tensorflow/lite/micro/kernels/comparisons.cc:582:23:TfLiteRegistration_V1 tflite::Register_EQUAL()	24	static
D:/PhD/Workspace/Git_phd/phd/research/embedded_security/attest_app/Middlewares/tensorflow/tensorflow/lite/micro/kernels/comparisons.cc:586:23:TfLiteRegistration_V1 tflite::Register_NOT_EQUAL()	24	static
D:/PhD/Workspace/Git_phd/phd/research/embedded_security/attest_app/Middlewares/tensorflow/tensorflow/lite/micro/kernels/comparisons.cc:590:23:TfLiteRegistration_V1 tflite::Register_GREATER()	24	static
D:/PhD/Workspace/Git_phd/phd/research/embedded_security/attest_app/Middlewares/tensorflow/tensorflow/lite/micro/kernels/comparisons.cc:594:23:TfLiteRegistration_V1 tflite::Register_GREATER_EQUAL()	24	static
D:/PhD/Workspace/Git_phd/phd/research/embedded_security/attest_app/Middlewares/tensorflow/tensorflow/lite/micro/kernels/comparisons.cc:598:23:TfLiteRegistration_V1 tflite::Register_LESS()	24	static
D:/PhD/Workspace/Git_phd/phd/research/embedded_security/attest_app/Middlewares/tensorflow/tensorflow/lite/micro/kernels/comparisons.cc:602:23:TfLiteRegistration_V1 tflite::Register_LESS_EQUAL()	24	static
D:/PhD/Workspace/Git_phd/phd/research/embedded_security/attest_app/Middlewares/tensorflow/third_party/gemmlowp/fixedpoint/fixedpoint.h:357:20:IntegerType gemmlowp::RoundingDivideByPOT(IntegerType, int) [with IntegerType = long int]	56	static
D:/PhD/Workspace/Git_phd/phd/research/embedded_security/attest_app/Middlewares/tensorflow/tensorflow/lite/kernels/internal/reference/comparisons.h:27:13:bool tflite::reference_ops::EqualFn(T, T) [with T = float]	16	static
D:/PhD/Workspace/Git_phd/phd/research/embedded_security/attest_app/Middlewares/tensorflow/tensorflow/lite/kernels/internal/reference/comparisons.h:32:13:bool tflite::reference_ops::NotEqualFn(T, T) [with T = float]	16	static
D:/PhD/Workspace/Git_phd/phd/research/embedded_security/attest_app/Middlewares/tensorflow/tensorflow/lite/kernels/internal/reference/comparisons.h:37:13:bool tflite::reference_ops::GreaterFn(T, T) [with T = float]	16	static
D:/PhD/Workspace/Git_phd/phd/research/embedded_security/attest_app/Middlewares/tensorflow/tensorflow/lite/kernels/internal/reference/comparisons.h:41:13:bool tflite::reference_ops::GreaterEqualFn(T, T) [with T = float]	16	static
D:/PhD/Workspace/Git_phd/phd/research/embedded_security/attest_app/Middlewares/tensorflow/tensorflow/lite/kernels/internal/reference/comparisons.h:45:13:bool tflite::reference_ops::LessFn(T, T) [with T = float]	16	static
D:/PhD/Workspace/Git_phd/phd/research/embedded_security/attest_app/Middlewares/tensorflow/tensorflow/lite/kernels/internal/reference/comparisons.h:49:13:bool tflite::reference_ops::LessEqualFn(T, T) [with T = float]	16	static
D:/PhD/Workspace/Git_phd/phd/research/embedded_security/attest_app/Middlewares/tensorflow/tensorflow/lite/micro/kernels/kernel_util.h:64:4:T* tflite::micro::GetTensorData(TfLiteEvalTensor*) [with T = bool]	16	static
D:/PhD/Workspace/Git_phd/phd/research/embedded_security/attest_app/Middlewares/tensorflow/tensorflow/lite/micro/kernels/kernel_util.h:71:10:const T* tflite::micro::GetTensorData(const TfLiteEvalTensor*) [with T = bool]	16	static
D:/PhD/Workspace/Git_phd/phd/research/embedded_security/attest_app/Middlewares/tensorflow/tensorflow/lite/kernels/internal/reference/comparisons.h:260:1:void tflite::reference_ops::Broadcast4DSlowEqualNoScaling(const tflite::ComparisonParams&, const tflite::RuntimeShape&, const T*, const tflite::RuntimeShape&, const T*, const tflite::RuntimeShape&, bool*) [with T = bool]	40	static
D:/PhD/Workspace/Git_phd/phd/research/embedded_security/attest_app/Middlewares/tensorflow/tensorflow/lite/kernels/internal/reference/comparisons.h:260:1:void tflite::reference_ops::EqualNoScaling(const tflite::ComparisonParams&, const tflite::RuntimeShape&, const T*, const tflite::RuntimeShape&, const T*, const tflite::RuntimeShape&, bool*) [with T = bool]	40	static
D:/PhD/Workspace/Git_phd/phd/research/embedded_security/attest_app/Middlewares/tensorflow/tensorflow/lite/micro/kernels/kernel_util.h:71:10:const T* tflite::micro::GetTensorData(const TfLiteEvalTensor*) [with T = float]	16	static
D:/PhD/Workspace/Git_phd/phd/research/embedded_security/attest_app/Middlewares/tensorflow/tensorflow/lite/kernels/internal/reference/comparisons.h:260:1:void tflite::reference_ops::Broadcast4DSlowEqualNoScaling(const tflite::ComparisonParams&, const tflite::RuntimeShape&, const T*, const tflite::RuntimeShape&, const T*, const tflite::RuntimeShape&, bool*) [with T = float]	40	static
D:/PhD/Workspace/Git_phd/phd/research/embedded_security/attest_app/Middlewares/tensorflow/tensorflow/lite/kernels/internal/reference/comparisons.h:260:1:void tflite::reference_ops::EqualNoScaling(const tflite::ComparisonParams&, const tflite::RuntimeShape&, const T*, const tflite::RuntimeShape&, const T*, const tflite::RuntimeShape&, bool*) [with T = float]	40	static
D:/PhD/Workspace/Git_phd/phd/research/embedded_security/attest_app/Middlewares/tensorflow/tensorflow/lite/micro/kernels/kernel_util.h:71:10:const T* tflite::micro::GetTensorData(const TfLiteEvalTensor*) [with T = long int]	16	static
D:/PhD/Workspace/Git_phd/phd/research/embedded_security/attest_app/Middlewares/tensorflow/tensorflow/lite/kernels/internal/reference/comparisons.h:260:1:void tflite::reference_ops::Broadcast4DSlowEqualNoScaling(const tflite::ComparisonParams&, const tflite::RuntimeShape&, const T*, const tflite::RuntimeShape&, const T*, const tflite::RuntimeShape&, bool*) [with T = long int]	40	static
D:/PhD/Workspace/Git_phd/phd/research/embedded_security/attest_app/Middlewares/tensorflow/tensorflow/lite/kernels/internal/reference/comparisons.h:260:1:void tflite::reference_ops::EqualNoScaling(const tflite::ComparisonParams&, const tflite::RuntimeShape&, const T*, const tflite::RuntimeShape&, const T*, const tflite::RuntimeShape&, bool*) [with T = long int]	40	static
D:/PhD/Workspace/Git_phd/phd/research/embedded_security/attest_app/Middlewares/tensorflow/tensorflow/lite/micro/kernels/kernel_util.h:71:10:const T* tflite::micro::GetTensorData(const TfLiteEvalTensor*) [with T = long long int]	16	static
D:/PhD/Workspace/Git_phd/phd/research/embedded_security/attest_app/Middlewares/tensorflow/tensorflow/lite/kernels/internal/reference/comparisons.h:260:1:void tflite::reference_ops::Broadcast4DSlowEqualNoScaling(const tflite::ComparisonParams&, const tflite::RuntimeShape&, const T*, const tflite::RuntimeShape&, const T*, const tflite::RuntimeShape&, bool*) [with T = long long int]	40	static
D:/PhD/Workspace/Git_phd/phd/research/embedded_security/attest_app/Middlewares/tensorflow/tensorflow/lite/kernels/internal/reference/comparisons.h:260:1:void tflite::reference_ops::EqualNoScaling(const tflite::ComparisonParams&, const tflite::RuntimeShape&, const T*, const tflite::RuntimeShape&, const T*, const tflite::RuntimeShape&, bool*) [with T = long long int]	40	static
D:/PhD/Workspace/Git_phd/phd/research/embedded_security/attest_app/Middlewares/tensorflow/tensorflow/lite/micro/kernels/kernel_util.h:71:10:const T* tflite::micro::GetTensorData(const TfLiteEvalTensor*) [with T = signed char]	16	static
D:/PhD/Workspace/Git_phd/phd/research/embedded_security/attest_app/Middlewares/tensorflow/tensorflow/lite/kernels/internal/reference/comparisons.h:260:1:void tflite::reference_ops::Broadcast4DSlowEqualWithScaling(const tflite::ComparisonParams&, const tflite::RuntimeShape&, const T*, const tflite::RuntimeShape&, const T*, const tflite::RuntimeShape&, bool*) [with T = signed char]	40	static
D:/PhD/Workspace/Git_phd/phd/research/embedded_security/attest_app/Middlewares/tensorflow/tensorflow/lite/kernels/internal/reference/comparisons.h:260:1:void tflite::reference_ops::EqualWithScaling(const tflite::ComparisonParams&, const tflite::RuntimeShape&, const T*, const tflite::RuntimeShape&, const T*, const tflite::RuntimeShape&, bool*) [with T = signed char]	40	static
D:/PhD/Workspace/Git_phd/phd/research/embedded_security/attest_app/Middlewares/tensorflow/tensorflow/lite/kernels/internal/reference/comparisons.h:261:1:void tflite::reference_ops::Broadcast4DSlowNotEqualNoScaling(const tflite::ComparisonParams&, const tflite::RuntimeShape&, const T*, const tflite::RuntimeShape&, const T*, const tflite::RuntimeShape&, bool*) [with T = bool]	40	static
D:/PhD/Workspace/Git_phd/phd/research/embedded_security/attest_app/Middlewares/tensorflow/tensorflow/lite/kernels/internal/reference/comparisons.h:261:1:void tflite::reference_ops::NotEqualNoScaling(const tflite::ComparisonParams&, const tflite::RuntimeShape&, const T*, const tflite::RuntimeShape&, const T*, const tflite::RuntimeShape&, bool*) [with T = bool]	40	static
D:/PhD/Workspace/Git_phd/phd/research/embedded_security/attest_app/Middlewares/tensorflow/tensorflow/lite/kernels/internal/reference/comparisons.h:261:1:void tflite::reference_ops::Broadcast4DSlowNotEqualNoScaling(const tflite::ComparisonParams&, const tflite::RuntimeShape&, const T*, const tflite::RuntimeShape&, const T*, const tflite::RuntimeShape&, bool*) [with T = float]	40	static
D:/PhD/Workspace/Git_phd/phd/research/embedded_security/attest_app/Middlewares/tensorflow/tensorflow/lite/kernels/internal/reference/comparisons.h:261:1:void tflite::reference_ops::NotEqualNoScaling(const tflite::ComparisonParams&, const tflite::RuntimeShape&, const T*, const tflite::RuntimeShape&, const T*, const tflite::RuntimeShape&, bool*) [with T = float]	40	static
D:/PhD/Workspace/Git_phd/phd/research/embedded_security/attest_app/Middlewares/tensorflow/tensorflow/lite/kernels/internal/reference/comparisons.h:261:1:void tflite::reference_ops::Broadcast4DSlowNotEqualNoScaling(const tflite::ComparisonParams&, const tflite::RuntimeShape&, const T*, const tflite::RuntimeShape&, const T*, const tflite::RuntimeShape&, bool*) [with T = long int]	40	static
D:/PhD/Workspace/Git_phd/phd/research/embedded_security/attest_app/Middlewares/tensorflow/tensorflow/lite/kernels/internal/reference/comparisons.h:261:1:void tflite::reference_ops::NotEqualNoScaling(const tflite::ComparisonParams&, const tflite::RuntimeShape&, const T*, const tflite::RuntimeShape&, const T*, const tflite::RuntimeShape&, bool*) [with T = long int]	40	static
D:/PhD/Workspace/Git_phd/phd/research/embedded_security/attest_app/Middlewares/tensorflow/tensorflow/lite/kernels/internal/reference/comparisons.h:261:1:void tflite::reference_ops::Broadcast4DSlowNotEqualNoScaling(const tflite::ComparisonParams&, const tflite::RuntimeShape&, const T*, const tflite::RuntimeShape&, const T*, const tflite::RuntimeShape&, bool*) [with T = long long int]	40	static
D:/PhD/Workspace/Git_phd/phd/research/embedded_security/attest_app/Middlewares/tensorflow/tensorflow/lite/kernels/internal/reference/comparisons.h:261:1:void tflite::reference_ops::NotEqualNoScaling(const tflite::ComparisonParams&, const tflite::RuntimeShape&, const T*, const tflite::RuntimeShape&, const T*, const tflite::RuntimeShape&, bool*) [with T = long long int]	40	static
D:/PhD/Workspace/Git_phd/phd/research/embedded_security/attest_app/Middlewares/tensorflow/tensorflow/lite/kernels/internal/reference/comparisons.h:261:1:void tflite::reference_ops::Broadcast4DSlowNotEqualWithScaling(const tflite::ComparisonParams&, const tflite::RuntimeShape&, const T*, const tflite::RuntimeShape&, const T*, const tflite::RuntimeShape&, bool*) [with T = signed char]	40	static
D:/PhD/Workspace/Git_phd/phd/research/embedded_security/attest_app/Middlewares/tensorflow/tensorflow/lite/kernels/internal/reference/comparisons.h:261:1:void tflite::reference_ops::NotEqualWithScaling(const tflite::ComparisonParams&, const tflite::RuntimeShape&, const T*, const tflite::RuntimeShape&, const T*, const tflite::RuntimeShape&, bool*) [with T = signed char]	40	static
D:/PhD/Workspace/Git_phd/phd/research/embedded_security/attest_app/Middlewares/tensorflow/tensorflow/lite/kernels/internal/reference/comparisons.h:262:1:void tflite::reference_ops::Broadcast4DSlowGreaterNoScaling(const tflite::ComparisonParams&, const tflite::RuntimeShape&, const T*, const tflite::RuntimeShape&, const T*, const tflite::RuntimeShape&, bool*) [with T = float]	40	static
D:/PhD/Workspace/Git_phd/phd/research/embedded_security/attest_app/Middlewares/tensorflow/tensorflow/lite/kernels/internal/reference/comparisons.h:262:1:void tflite::reference_ops::GreaterNoScaling(const tflite::ComparisonParams&, const tflite::RuntimeShape&, const T*, const tflite::RuntimeShape&, const T*, const tflite::RuntimeShape&, bool*) [with T = float]	40	static
D:/PhD/Workspace/Git_phd/phd/research/embedded_security/attest_app/Middlewares/tensorflow/tensorflow/lite/kernels/internal/reference/comparisons.h:262:1:void tflite::reference_ops::Broadcast4DSlowGreaterNoScaling(const tflite::ComparisonParams&, const tflite::RuntimeShape&, const T*, const tflite::RuntimeShape&, const T*, const tflite::RuntimeShape&, bool*) [with T = long int]	40	static
D:/PhD/Workspace/Git_phd/phd/research/embedded_security/attest_app/Middlewares/tensorflow/tensorflow/lite/kernels/internal/reference/comparisons.h:262:1:void tflite::reference_ops::GreaterNoScaling(const tflite::ComparisonParams&, const tflite::RuntimeShape&, const T*, const tflite::RuntimeShape&, const T*, const tflite::RuntimeShape&, bool*) [with T = long int]	40	static
D:/PhD/Workspace/Git_phd/phd/research/embedded_security/attest_app/Middlewares/tensorflow/tensorflow/lite/kernels/internal/reference/comparisons.h:262:1:void tflite::reference_ops::Broadcast4DSlowGreaterNoScaling(const tflite::ComparisonParams&, const tflite::RuntimeShape&, const T*, const tflite::RuntimeShape&, const T*, const tflite::RuntimeShape&, bool*) [with T = long long int]	40	static
D:/PhD/Workspace/Git_phd/phd/research/embedded_security/attest_app/Middlewares/tensorflow/tensorflow/lite/kernels/internal/reference/comparisons.h:262:1:void tflite::reference_ops::GreaterNoScaling(const tflite::ComparisonParams&, const tflite::RuntimeShape&, const T*, const tflite::RuntimeShape&, const T*, const tflite::RuntimeShape&, bool*) [with T = long long int]	40	static
D:/PhD/Workspace/Git_phd/phd/research/embedded_security/attest_app/Middlewares/tensorflow/tensorflow/lite/kernels/internal/reference/comparisons.h:262:1:void tflite::reference_ops::Broadcast4DSlowGreaterWithScaling(const tflite::ComparisonParams&, const tflite::RuntimeShape&, const T*, const tflite::RuntimeShape&, const T*, const tflite::RuntimeShape&, bool*) [with T = signed char]	40	static
D:/PhD/Workspace/Git_phd/phd/research/embedded_security/attest_app/Middlewares/tensorflow/tensorflow/lite/kernels/internal/reference/comparisons.h:262:1:void tflite::reference_ops::GreaterWithScaling(const tflite::ComparisonParams&, const tflite::RuntimeShape&, const T*, const tflite::RuntimeShape&, const T*, const tflite::RuntimeShape&, bool*) [with T = signed char]	40	static
D:/PhD/Workspace/Git_phd/phd/research/embedded_security/attest_app/Middlewares/tensorflow/tensorflow/lite/kernels/internal/reference/comparisons.h:263:1:void tflite::reference_ops::Broadcast4DSlowGreaterEqualNoScaling(const tflite::ComparisonParams&, const tflite::RuntimeShape&, const T*, const tflite::RuntimeShape&, const T*, const tflite::RuntimeShape&, bool*) [with T = float]	40	static
D:/PhD/Workspace/Git_phd/phd/research/embedded_security/attest_app/Middlewares/tensorflow/tensorflow/lite/kernels/internal/reference/comparisons.h:263:1:void tflite::reference_ops::GreaterEqualNoScaling(const tflite::ComparisonParams&, const tflite::RuntimeShape&, const T*, const tflite::RuntimeShape&, const T*, const tflite::RuntimeShape&, bool*) [with T = float]	40	static
D:/PhD/Workspace/Git_phd/phd/research/embedded_security/attest_app/Middlewares/tensorflow/tensorflow/lite/kernels/internal/reference/comparisons.h:263:1:void tflite::reference_ops::Broadcast4DSlowGreaterEqualNoScaling(const tflite::ComparisonParams&, const tflite::RuntimeShape&, const T*, const tflite::RuntimeShape&, const T*, const tflite::RuntimeShape&, bool*) [with T = long int]	40	static
D:/PhD/Workspace/Git_phd/phd/research/embedded_security/attest_app/Middlewares/tensorflow/tensorflow/lite/kernels/internal/reference/comparisons.h:263:1:void tflite::reference_ops::GreaterEqualNoScaling(const tflite::ComparisonParams&, const tflite::RuntimeShape&, const T*, const tflite::RuntimeShape&, const T*, const tflite::RuntimeShape&, bool*) [with T = long int]	40	static
D:/PhD/Workspace/Git_phd/phd/research/embedded_security/attest_app/Middlewares/tensorflow/tensorflow/lite/kernels/internal/reference/comparisons.h:263:1:void tflite::reference_ops::Broadcast4DSlowGreaterEqualNoScaling(const tflite::ComparisonParams&, const tflite::RuntimeShape&, const T*, const tflite::RuntimeShape&, const T*, const tflite::RuntimeShape&, bool*) [with T = long long int]	40	static
D:/PhD/Workspace/Git_phd/phd/research/embedded_security/attest_app/Middlewares/tensorflow/tensorflow/lite/kernels/internal/reference/comparisons.h:263:1:void tflite::reference_ops::GreaterEqualNoScaling(const tflite::ComparisonParams&, const tflite::RuntimeShape&, const T*, const tflite::RuntimeShape&, const T*, const tflite::RuntimeShape&, bool*) [with T = long long int]	40	static
D:/PhD/Workspace/Git_phd/phd/research/embedded_security/attest_app/Middlewares/tensorflow/tensorflow/lite/kernels/internal/reference/comparisons.h:263:1:void tflite::reference_ops::Broadcast4DSlowGreaterEqualWithScaling(const tflite::ComparisonParams&, const tflite::RuntimeShape&, const T*, const tflite::RuntimeShape&, const T*, const tflite::RuntimeShape&, bool*) [with T = signed char]	40	static
D:/PhD/Workspace/Git_phd/phd/research/embedded_security/attest_app/Middlewares/tensorflow/tensorflow/lite/kernels/internal/reference/comparisons.h:263:1:void tflite::reference_ops::GreaterEqualWithScaling(const tflite::ComparisonParams&, const tflite::RuntimeShape&, const T*, const tflite::RuntimeShape&, const T*, const tflite::RuntimeShape&, bool*) [with T = signed char]	40	static
D:/PhD/Workspace/Git_phd/phd/research/embedded_security/attest_app/Middlewares/tensorflow/tensorflow/lite/kernels/internal/reference/comparisons.h:264:1:void tflite::reference_ops::Broadcast4DSlowLessNoScaling(const tflite::ComparisonParams&, const tflite::RuntimeShape&, const T*, const tflite::RuntimeShape&, const T*, const tflite::RuntimeShape&, bool*) [with T = float]	40	static
D:/PhD/Workspace/Git_phd/phd/research/embedded_security/attest_app/Middlewares/tensorflow/tensorflow/lite/kernels/internal/reference/comparisons.h:264:1:void tflite::reference_ops::LessNoScaling(const tflite::ComparisonParams&, const tflite::RuntimeShape&, const T*, const tflite::RuntimeShape&, const T*, const tflite::RuntimeShape&, bool*) [with T = float]	40	static
D:/PhD/Workspace/Git_phd/phd/research/embedded_security/attest_app/Middlewares/tensorflow/tensorflow/lite/kernels/internal/reference/comparisons.h:264:1:void tflite::reference_ops::Broadcast4DSlowLessNoScaling(const tflite::ComparisonParams&, const tflite::RuntimeShape&, const T*, const tflite::RuntimeShape&, const T*, const tflite::RuntimeShape&, bool*) [with T = long int]	40	static
D:/PhD/Workspace/Git_phd/phd/research/embedded_security/attest_app/Middlewares/tensorflow/tensorflow/lite/kernels/internal/reference/comparisons.h:264:1:void tflite::reference_ops::LessNoScaling(const tflite::ComparisonParams&, const tflite::RuntimeShape&, const T*, const tflite::RuntimeShape&, const T*, const tflite::RuntimeShape&, bool*) [with T = long int]	40	static
D:/PhD/Workspace/Git_phd/phd/research/embedded_security/attest_app/Middlewares/tensorflow/tensorflow/lite/kernels/internal/reference/comparisons.h:264:1:void tflite::reference_ops::Broadcast4DSlowLessNoScaling(const tflite::ComparisonParams&, const tflite::RuntimeShape&, const T*, const tflite::RuntimeShape&, const T*, const tflite::RuntimeShape&, bool*) [with T = long long int]	40	static
D:/PhD/Workspace/Git_phd/phd/research/embedded_security/attest_app/Middlewares/tensorflow/tensorflow/lite/kernels/internal/reference/comparisons.h:264:1:void tflite::reference_ops::LessNoScaling(const tflite::ComparisonParams&, const tflite::RuntimeShape&, const T*, const tflite::RuntimeShape&, const T*, const tflite::RuntimeShape&, bool*) [with T = long long int]	40	static
D:/PhD/Workspace/Git_phd/phd/research/embedded_security/attest_app/Middlewares/tensorflow/tensorflow/lite/kernels/internal/reference/comparisons.h:264:1:void tflite::reference_ops::Broadcast4DSlowLessWithScaling(const tflite::ComparisonParams&, const tflite::RuntimeShape&, const T*, const tflite::RuntimeShape&, const T*, const tflite::RuntimeShape&, bool*) [with T = signed char]	40	static
D:/PhD/Workspace/Git_phd/phd/research/embedded_security/attest_app/Middlewares/tensorflow/tensorflow/lite/kernels/internal/reference/comparisons.h:264:1:void tflite::reference_ops::LessWithScaling(const tflite::ComparisonParams&, const tflite::RuntimeShape&, const T*, const tflite::RuntimeShape&, const T*, const tflite::RuntimeShape&, bool*) [with T = signed char]	40	static
D:/PhD/Workspace/Git_phd/phd/research/embedded_security/attest_app/Middlewares/tensorflow/tensorflow/lite/kernels/internal/reference/comparisons.h:265:1:void tflite::reference_ops::Broadcast4DSlowLessEqualNoScaling(const tflite::ComparisonParams&, const tflite::RuntimeShape&, const T*, const tflite::RuntimeShape&, const T*, const tflite::RuntimeShape&, bool*) [with T = float]	40	static
D:/PhD/Workspace/Git_phd/phd/research/embedded_security/attest_app/Middlewares/tensorflow/tensorflow/lite/kernels/internal/reference/comparisons.h:265:1:void tflite::reference_ops::LessEqualNoScaling(const tflite::ComparisonParams&, const tflite::RuntimeShape&, const T*, const tflite::RuntimeShape&, const T*, const tflite::RuntimeShape&, bool*) [with T = float]	40	static
D:/PhD/Workspace/Git_phd/phd/research/embedded_security/attest_app/Middlewares/tensorflow/tensorflow/lite/kernels/internal/reference/comparisons.h:265:1:void tflite::reference_ops::Broadcast4DSlowLessEqualNoScaling(const tflite::ComparisonParams&, const tflite::RuntimeShape&, const T*, const tflite::RuntimeShape&, const T*, const tflite::RuntimeShape&, bool*) [with T = long int]	40	static
D:/PhD/Workspace/Git_phd/phd/research/embedded_security/attest_app/Middlewares/tensorflow/tensorflow/lite/kernels/internal/reference/comparisons.h:265:1:void tflite::reference_ops::LessEqualNoScaling(const tflite::ComparisonParams&, const tflite::RuntimeShape&, const T*, const tflite::RuntimeShape&, const T*, const tflite::RuntimeShape&, bool*) [with T = long int]	40	static
D:/PhD/Workspace/Git_phd/phd/research/embedded_security/attest_app/Middlewares/tensorflow/tensorflow/lite/kernels/internal/reference/comparisons.h:265:1:void tflite::reference_ops::Broadcast4DSlowLessEqualNoScaling(const tflite::ComparisonParams&, const tflite::RuntimeShape&, const T*, const tflite::RuntimeShape&, const T*, const tflite::RuntimeShape&, bool*) [with T = long long int]	40	static
D:/PhD/Workspace/Git_phd/phd/research/embedded_security/attest_app/Middlewares/tensorflow/tensorflow/lite/kernels/internal/reference/comparisons.h:265:1:void tflite::reference_ops::LessEqualNoScaling(const tflite::ComparisonParams&, const tflite::RuntimeShape&, const T*, const tflite::RuntimeShape&, const T*, const tflite::RuntimeShape&, bool*) [with T = long long int]	40	static
D:/PhD/Workspace/Git_phd/phd/research/embedded_security/attest_app/Middlewares/tensorflow/tensorflow/lite/kernels/internal/reference/comparisons.h:265:1:void tflite::reference_ops::Broadcast4DSlowLessEqualWithScaling(const tflite::ComparisonParams&, const tflite::RuntimeShape&, const T*, const tflite::RuntimeShape&, const T*, const tflite::RuntimeShape&, bool*) [with T = signed char]	40	static
D:/PhD/Workspace/Git_phd/phd/research/embedded_security/attest_app/Middlewares/tensorflow/tensorflow/lite/kernels/internal/reference/comparisons.h:265:1:void tflite::reference_ops::LessEqualWithScaling(const tflite::ComparisonParams&, const tflite::RuntimeShape&, const T*, const tflite::RuntimeShape&, const T*, const tflite::RuntimeShape&, bool*) [with T = signed char]	40	static
D:/PhD/Workspace/Git_phd/phd/research/embedded_security/attest_app/Middlewares/tensorflow/third_party/gemmlowp/fixedpoint/fixedpoint.h:64:10:tRawType gemmlowp::Dup(typename FixedPointRawTypeTraits<tRawType>::ScalarRawType) [with tRawType = long int]	16	static
D:/PhD/Workspace/Git_phd/phd/research/embedded_security/attest_app/Middlewares/tensorflow/third_party/gemmlowp/fixedpoint/fixedpoint.h:70:14:tIntegerType gemmlowp::BitAnd(tIntegerType, tIntegerType) [with tIntegerType = long int]	16	static
D:/PhD/Workspace/Git_phd/phd/research/embedded_security/attest_app/Middlewares/tensorflow/third_party/gemmlowp/fixedpoint/fixedpoint.h:140:14:tIntegerType gemmlowp::ShiftRight(tIntegerType, int) [with tIntegerType = long int]	16	static
D:/PhD/Workspace/Git_phd/phd/research/embedded_security/attest_app/Middlewares/tensorflow/third_party/gemmlowp/fixedpoint/fixedpoint.h:199:14:tIntegerType gemmlowp::MaskIfLessThan(tIntegerType, tIntegerType) [with tIntegerType = long int]	16	static
D:/PhD/Workspace/Git_phd/phd/research/embedded_security/attest_app/Middlewares/tensorflow/third_party/gemmlowp/fixedpoint/fixedpoint.h:94:14:tIntegerType gemmlowp::Add(tIntegerType, tIntegerType) [with tIntegerType = long int]	16	static
D:/PhD/Workspace/Git_phd/phd/research/embedded_security/attest_app/Middlewares/tensorflow/third_party/gemmlowp/fixedpoint/fixedpoint.h:185:14:tIntegerType gemmlowp::MaskIfGreaterThan(tIntegerType, tIntegerType) [with tIntegerType = long int]	16	static
D:/PhD/Workspace/Git_phd/phd/research/embedded_security/attest_app/Middlewares/tensorflow/tensorflow/lite/kernels/internal/reference/comparisons.h:57:13:void tflite::reference_ops::ComparisonImpl(const tflite::ComparisonParams&, const tflite::RuntimeShape&, const T*, const tflite::RuntimeShape&, const T*, const tflite::RuntimeShape&, bool*) [with T = float; bool (* F)(T, T) = EqualFn<float>]	64	static
D:/PhD/Workspace/Git_phd/phd/research/embedded_security/attest_app/Middlewares/tensorflow/tensorflow/lite/kernels/internal/reference/comparisons.h:109:8:tflite::reference_ops::BroadcastComparison4DSlowCommon::~BroadcastComparison4DSlowCommon()	16	static
D:/PhD/Workspace/Git_phd/phd/research/embedded_security/attest_app/Middlewares/tensorflow/tensorflow/lite/kernels/internal/reference/comparisons.h:122:13:void tflite::reference_ops::BroadcastComparison4DSlowImpl(const tflite::ComparisonParams&, const tflite::RuntimeShape&, const T*, const tflite::RuntimeShape&, const T*, const tflite::RuntimeShape&, bool*) [with T = float; bool (* F)(T, T) = EqualFn<float>]	160	static
D:/PhD/Workspace/Git_phd/phd/research/embedded_security/attest_app/Middlewares/tensorflow/tensorflow/lite/kernels/internal/reference/comparisons.h:57:13:void tflite::reference_ops::ComparisonImpl(const tflite::ComparisonParams&, const tflite::RuntimeShape&, const T*, const tflite::RuntimeShape&, const T*, const tflite::RuntimeShape&, bool*) [with T = float; bool (* F)(T, T) = NotEqualFn<float>]	64	static
D:/PhD/Workspace/Git_phd/phd/research/embedded_security/attest_app/Middlewares/tensorflow/tensorflow/lite/kernels/internal/reference/comparisons.h:122:13:void tflite::reference_ops::BroadcastComparison4DSlowImpl(const tflite::ComparisonParams&, const tflite::RuntimeShape&, const T*, const tflite::RuntimeShape&, const T*, const tflite::RuntimeShape&, bool*) [with T = float; bool (* F)(T, T) = NotEqualFn<float>]	160	static
D:/PhD/Workspace/Git_phd/phd/research/embedded_security/attest_app/Middlewares/tensorflow/tensorflow/lite/kernels/internal/reference/comparisons.h:57:13:void tflite::reference_ops::ComparisonImpl(const tflite::ComparisonParams&, const tflite::RuntimeShape&, const T*, const tflite::RuntimeShape&, const T*, const tflite::RuntimeShape&, bool*) [with T = float; bool (* F)(T, T) = GreaterFn<float>]	64	static
D:/PhD/Workspace/Git_phd/phd/research/embedded_security/attest_app/Middlewares/tensorflow/tensorflow/lite/kernels/internal/reference/comparisons.h:122:13:void tflite::reference_ops::BroadcastComparison4DSlowImpl(const tflite::ComparisonParams&, const tflite::RuntimeShape&, const T*, const tflite::RuntimeShape&, const T*, const tflite::RuntimeShape&, bool*) [with T = float; bool (* F)(T, T) = GreaterFn<float>]	160	static
D:/PhD/Workspace/Git_phd/phd/research/embedded_security/attest_app/Middlewares/tensorflow/tensorflow/lite/kernels/internal/reference/comparisons.h:57:13:void tflite::reference_ops::ComparisonImpl(const tflite::ComparisonParams&, const tflite::RuntimeShape&, const T*, const tflite::RuntimeShape&, const T*, const tflite::RuntimeShape&, bool*) [with T = float; bool (* F)(T, T) = GreaterEqualFn<float>]	64	static
D:/PhD/Workspace/Git_phd/phd/research/embedded_security/attest_app/Middlewares/tensorflow/tensorflow/lite/kernels/internal/reference/comparisons.h:122:13:void tflite::reference_ops::BroadcastComparison4DSlowImpl(const tflite::ComparisonParams&, const tflite::RuntimeShape&, const T*, const tflite::RuntimeShape&, const T*, const tflite::RuntimeShape&, bool*) [with T = float; bool (* F)(T, T) = GreaterEqualFn<float>]	160	static
D:/PhD/Workspace/Git_phd/phd/research/embedded_security/attest_app/Middlewares/tensorflow/tensorflow/lite/kernels/internal/reference/comparisons.h:57:13:void tflite::reference_ops::ComparisonImpl(const tflite::ComparisonParams&, const tflite::RuntimeShape&, const T*, const tflite::RuntimeShape&, const T*, const tflite::RuntimeShape&, bool*) [with T = float; bool (* F)(T, T) = LessFn<float>]	64	static
D:/PhD/Workspace/Git_phd/phd/research/embedded_security/attest_app/Middlewares/tensorflow/tensorflow/lite/kernels/internal/reference/comparisons.h:122:13:void tflite::reference_ops::BroadcastComparison4DSlowImpl(const tflite::ComparisonParams&, const tflite::RuntimeShape&, const T*, const tflite::RuntimeShape&, const T*, const tflite::RuntimeShape&, bool*) [with T = float; bool (* F)(T, T) = LessFn<float>]	160	static
D:/PhD/Workspace/Git_phd/phd/research/embedded_security/attest_app/Middlewares/tensorflow/tensorflow/lite/kernels/internal/reference/comparisons.h:57:13:void tflite::reference_ops::ComparisonImpl(const tflite::ComparisonParams&, const tflite::RuntimeShape&, const T*, const tflite::RuntimeShape&, const T*, const tflite::RuntimeShape&, bool*) [with T = float; bool (* F)(T, T) = LessEqualFn<float>]	64	static
D:/PhD/Workspace/Git_phd/phd/research/embedded_security/attest_app/Middlewares/tensorflow/tensorflow/lite/kernels/internal/reference/comparisons.h:122:13:void tflite::reference_ops::BroadcastComparison4DSlowImpl(const tflite::ComparisonParams&, const tflite::RuntimeShape&, const T*, const tflite::RuntimeShape&, const T*, const tflite::RuntimeShape&, bool*) [with T = float; bool (* F)(T, T) = LessEqualFn<float>]	160	static
D:/PhD/Workspace/Git_phd/phd/research/embedded_security/attest_app/Middlewares/tensorflow/tensorflow/lite/kernels/internal/reference/comparisons.h:27:13:bool tflite::reference_ops::EqualFn(T, T) [with T = bool]	16	static
D:/PhD/Workspace/Git_phd/phd/research/embedded_security/attest_app/Middlewares/tensorflow/tensorflow/lite/kernels/internal/reference/comparisons.h:122:13:void tflite::reference_ops::BroadcastComparison4DSlowImpl(const tflite::ComparisonParams&, const tflite::RuntimeShape&, const T*, const tflite::RuntimeShape&, const T*, const tflite::RuntimeShape&, bool*) [with T = bool; bool (* F)(T, T) = EqualFn<bool>]	152	static
D:/PhD/Workspace/Git_phd/phd/research/embedded_security/attest_app/Middlewares/tensorflow/tensorflow/lite/kernels/internal/reference/comparisons.h:57:13:void tflite::reference_ops::ComparisonImpl(const tflite::ComparisonParams&, const tflite::RuntimeShape&, const T*, const tflite::RuntimeShape&, const T*, const tflite::RuntimeShape&, bool*) [with T = bool; bool (* F)(T, T) = EqualFn<bool>]	64	static
D:/PhD/Workspace/Git_phd/phd/research/embedded_security/attest_app/Middlewares/tensorflow/tensorflow/lite/kernels/internal/reference/comparisons.h:27:13:bool tflite::reference_ops::EqualFn(T, T) [with T = long int]	16	static
D:/PhD/Workspace/Git_phd/phd/research/embedded_security/attest_app/Middlewares/tensorflow/tensorflow/lite/kernels/internal/reference/comparisons.h:122:13:void tflite::reference_ops::BroadcastComparison4DSlowImpl(const tflite::ComparisonParams&, const tflite::RuntimeShape&, const T*, const tflite::RuntimeShape&, const T*, const tflite::RuntimeShape&, bool*) [with T = long int; bool (* F)(T, T) = EqualFn<long int>]	152	static
D:/PhD/Workspace/Git_phd/phd/research/embedded_security/attest_app/Middlewares/tensorflow/tensorflow/lite/kernels/internal/reference/comparisons.h:57:13:void tflite::reference_ops::ComparisonImpl(const tflite::ComparisonParams&, const tflite::RuntimeShape&, const T*, const tflite::RuntimeShape&, const T*, const tflite::RuntimeShape&, bool*) [with T = long int; bool (* F)(T, T) = EqualFn<long int>]	64	static
D:/PhD/Workspace/Git_phd/phd/research/embedded_security/attest_app/Middlewares/tensorflow/tensorflow/lite/kernels/internal/reference/comparisons.h:27:13:bool tflite::reference_ops::EqualFn(T, T) [with T = long long int]	24	static
D:/PhD/Workspace/Git_phd/phd/research/embedded_security/attest_app/Middlewares/tensorflow/tensorflow/lite/kernels/internal/reference/comparisons.h:122:13:void tflite::reference_ops::BroadcastComparison4DSlowImpl(const tflite::ComparisonParams&, const tflite::RuntimeShape&, const T*, const tflite::RuntimeShape&, const T*, const tflite::RuntimeShape&, bool*) [with T = long long int; bool (* F)(T, T) = EqualFn<long long int>]	160	static
D:/PhD/Workspace/Git_phd/phd/research/embedded_security/attest_app/Middlewares/tensorflow/tensorflow/lite/kernels/internal/reference/comparisons.h:57:13:void tflite::reference_ops::ComparisonImpl(const tflite::ComparisonParams&, const tflite::RuntimeShape&, const T*, const tflite::RuntimeShape&, const T*, const tflite::RuntimeShape&, bool*) [with T = long long int; bool (* F)(T, T) = EqualFn<long long int>]	64	static
D:/PhD/Workspace/Git_phd/phd/research/embedded_security/attest_app/Middlewares/tensorflow/tensorflow/lite/kernels/internal/reference/comparisons.h:159:13:void tflite::reference_ops::BroadcastComparison4DSlowWithScaling(const tflite::ComparisonParams&, const tflite::RuntimeShape&, const T*, const tflite::RuntimeShape&, const T*, const tflite::RuntimeShape&, bool*) [with T = signed char; bool (* F)(long int, long int) = EqualFn<long int>]	200	static
D:/PhD/Workspace/Git_phd/phd/research/embedded_security/attest_app/Middlewares/tensorflow/tensorflow/lite/kernels/internal/reference/comparisons.h:80:13:void tflite::reference_ops::ComparisonWithScaling(const tflite::ComparisonParams&, const tflite::RuntimeShape&, const T*, const tflite::RuntimeShape&, const T*, const tflite::RuntimeShape&, bool*) [with T = signed char; bool (* F)(long int, long int) = EqualFn<long int>]	120	static
D:/PhD/Workspace/Git_phd/phd/research/embedded_security/attest_app/Middlewares/tensorflow/tensorflow/lite/kernels/internal/reference/comparisons.h:32:13:bool tflite::reference_ops::NotEqualFn(T, T) [with T = bool]	16	static
D:/PhD/Workspace/Git_phd/phd/research/embedded_security/attest_app/Middlewares/tensorflow/tensorflow/lite/kernels/internal/reference/comparisons.h:122:13:void tflite::reference_ops::BroadcastComparison4DSlowImpl(const tflite::ComparisonParams&, const tflite::RuntimeShape&, const T*, const tflite::RuntimeShape&, const T*, const tflite::RuntimeShape&, bool*) [with T = bool; bool (* F)(T, T) = NotEqualFn<bool>]	152	static
D:/PhD/Workspace/Git_phd/phd/research/embedded_security/attest_app/Middlewares/tensorflow/tensorflow/lite/kernels/internal/reference/comparisons.h:57:13:void tflite::reference_ops::ComparisonImpl(const tflite::ComparisonParams&, const tflite::RuntimeShape&, const T*, const tflite::RuntimeShape&, const T*, const tflite::RuntimeShape&, bool*) [with T = bool; bool (* F)(T, T) = NotEqualFn<bool>]	64	static
D:/PhD/Workspace/Git_phd/phd/research/embedded_security/attest_app/Middlewares/tensorflow/tensorflow/lite/kernels/internal/reference/comparisons.h:32:13:bool tflite::reference_ops::NotEqualFn(T, T) [with T = long int]	16	static
D:/PhD/Workspace/Git_phd/phd/research/embedded_security/attest_app/Middlewares/tensorflow/tensorflow/lite/kernels/internal/reference/comparisons.h:122:13:void tflite::reference_ops::BroadcastComparison4DSlowImpl(const tflite::ComparisonParams&, const tflite::RuntimeShape&, const T*, const tflite::RuntimeShape&, const T*, const tflite::RuntimeShape&, bool*) [with T = long int; bool (* F)(T, T) = NotEqualFn<long int>]	152	static
D:/PhD/Workspace/Git_phd/phd/research/embedded_security/attest_app/Middlewares/tensorflow/tensorflow/lite/kernels/internal/reference/comparisons.h:57:13:void tflite::reference_ops::ComparisonImpl(const tflite::ComparisonParams&, const tflite::RuntimeShape&, const T*, const tflite::RuntimeShape&, const T*, const tflite::RuntimeShape&, bool*) [with T = long int; bool (* F)(T, T) = NotEqualFn<long int>]	64	static
D:/PhD/Workspace/Git_phd/phd/research/embedded_security/attest_app/Middlewares/tensorflow/tensorflow/lite/kernels/internal/reference/comparisons.h:32:13:bool tflite::reference_ops::NotEqualFn(T, T) [with T = long long int]	24	static
D:/PhD/Workspace/Git_phd/phd/research/embedded_security/attest_app/Middlewares/tensorflow/tensorflow/lite/kernels/internal/reference/comparisons.h:122:13:void tflite::reference_ops::BroadcastComparison4DSlowImpl(const tflite::ComparisonParams&, const tflite::RuntimeShape&, const T*, const tflite::RuntimeShape&, const T*, const tflite::RuntimeShape&, bool*) [with T = long long int; bool (* F)(T, T) = NotEqualFn<long long int>]	160	static
D:/PhD/Workspace/Git_phd/phd/research/embedded_security/attest_app/Middlewares/tensorflow/tensorflow/lite/kernels/internal/reference/comparisons.h:57:13:void tflite::reference_ops::ComparisonImpl(const tflite::ComparisonParams&, const tflite::RuntimeShape&, const T*, const tflite::RuntimeShape&, const T*, const tflite::RuntimeShape&, bool*) [with T = long long int; bool (* F)(T, T) = NotEqualFn<long long int>]	64	static
D:/PhD/Workspace/Git_phd/phd/research/embedded_security/attest_app/Middlewares/tensorflow/tensorflow/lite/kernels/internal/reference/comparisons.h:159:13:void tflite::reference_ops::BroadcastComparison4DSlowWithScaling(const tflite::ComparisonParams&, const tflite::RuntimeShape&, const T*, const tflite::RuntimeShape&, const T*, const tflite::RuntimeShape&, bool*) [with T = signed char; bool (* F)(long int, long int) = NotEqualFn<long int>]	200	static
D:/PhD/Workspace/Git_phd/phd/research/embedded_security/attest_app/Middlewares/tensorflow/tensorflow/lite/kernels/internal/reference/comparisons.h:80:13:void tflite::reference_ops::ComparisonWithScaling(const tflite::ComparisonParams&, const tflite::RuntimeShape&, const T*, const tflite::RuntimeShape&, const T*, const tflite::RuntimeShape&, bool*) [with T = signed char; bool (* F)(long int, long int) = NotEqualFn<long int>]	120	static
D:/PhD/Workspace/Git_phd/phd/research/embedded_security/attest_app/Middlewares/tensorflow/tensorflow/lite/kernels/internal/reference/comparisons.h:37:13:bool tflite::reference_ops::GreaterFn(T, T) [with T = long int]	16	static
D:/PhD/Workspace/Git_phd/phd/research/embedded_security/attest_app/Middlewares/tensorflow/tensorflow/lite/kernels/internal/reference/comparisons.h:122:13:void tflite::reference_ops::BroadcastComparison4DSlowImpl(const tflite::ComparisonParams&, const tflite::RuntimeShape&, const T*, const tflite::RuntimeShape&, const T*, const tflite::RuntimeShape&, bool*) [with T = long int; bool (* F)(T, T) = GreaterFn<long int>]	152	static
D:/PhD/Workspace/Git_phd/phd/research/embedded_security/attest_app/Middlewares/tensorflow/tensorflow/lite/kernels/internal/reference/comparisons.h:57:13:void tflite::reference_ops::ComparisonImpl(const tflite::ComparisonParams&, const tflite::RuntimeShape&, const T*, const tflite::RuntimeShape&, const T*, const tflite::RuntimeShape&, bool*) [with T = long int; bool (* F)(T, T) = GreaterFn<long int>]	64	static
D:/PhD/Workspace/Git_phd/phd/research/embedded_security/attest_app/Middlewares/tensorflow/tensorflow/lite/kernels/internal/reference/comparisons.h:37:13:bool tflite::reference_ops::GreaterFn(T, T) [with T = long long int]	24	static
D:/PhD/Workspace/Git_phd/phd/research/embedded_security/attest_app/Middlewares/tensorflow/tensorflow/lite/kernels/internal/reference/comparisons.h:122:13:void tflite::reference_ops::BroadcastComparison4DSlowImpl(const tflite::ComparisonParams&, const tflite::RuntimeShape&, const T*, const tflite::RuntimeShape&, const T*, const tflite::RuntimeShape&, bool*) [with T = long long int; bool (* F)(T, T) = GreaterFn<long long int>]	160	static
D:/PhD/Workspace/Git_phd/phd/research/embedded_security/attest_app/Middlewares/tensorflow/tensorflow/lite/kernels/internal/reference/comparisons.h:57:13:void tflite::reference_ops::ComparisonImpl(const tflite::ComparisonParams&, const tflite::RuntimeShape&, const T*, const tflite::RuntimeShape&, const T*, const tflite::RuntimeShape&, bool*) [with T = long long int; bool (* F)(T, T) = GreaterFn<long long int>]	64	static
D:/PhD/Workspace/Git_phd/phd/research/embedded_security/attest_app/Middlewares/tensorflow/tensorflow/lite/kernels/internal/reference/comparisons.h:159:13:void tflite::reference_ops::BroadcastComparison4DSlowWithScaling(const tflite::ComparisonParams&, const tflite::RuntimeShape&, const T*, const tflite::RuntimeShape&, const T*, const tflite::RuntimeShape&, bool*) [with T = signed char; bool (* F)(long int, long int) = GreaterFn<long int>]	200	static
D:/PhD/Workspace/Git_phd/phd/research/embedded_security/attest_app/Middlewares/tensorflow/tensorflow/lite/kernels/internal/reference/comparisons.h:80:13:void tflite::reference_ops::ComparisonWithScaling(const tflite::ComparisonParams&, const tflite::RuntimeShape&, const T*, const tflite::RuntimeShape&, const T*, const tflite::RuntimeShape&, bool*) [with T = signed char; bool (* F)(long int, long int) = GreaterFn<long int>]	120	static
D:/PhD/Workspace/Git_phd/phd/research/embedded_security/attest_app/Middlewares/tensorflow/tensorflow/lite/kernels/internal/reference/comparisons.h:41:13:bool tflite::reference_ops::GreaterEqualFn(T, T) [with T = long int]	16	static
D:/PhD/Workspace/Git_phd/phd/research/embedded_security/attest_app/Middlewares/tensorflow/tensorflow/lite/kernels/internal/reference/comparisons.h:122:13:void tflite::reference_ops::BroadcastComparison4DSlowImpl(const tflite::ComparisonParams&, const tflite::RuntimeShape&, const T*, const tflite::RuntimeShape&, const T*, const tflite::RuntimeShape&, bool*) [with T = long int; bool (* F)(T, T) = GreaterEqualFn<long int>]	152	static
D:/PhD/Workspace/Git_phd/phd/research/embedded_security/attest_app/Middlewares/tensorflow/tensorflow/lite/kernels/internal/reference/comparisons.h:57:13:void tflite::reference_ops::ComparisonImpl(const tflite::ComparisonParams&, const tflite::RuntimeShape&, const T*, const tflite::RuntimeShape&, const T*, const tflite::RuntimeShape&, bool*) [with T = long int; bool (* F)(T, T) = GreaterEqualFn<long int>]	64	static
D:/PhD/Workspace/Git_phd/phd/research/embedded_security/attest_app/Middlewares/tensorflow/tensorflow/lite/kernels/internal/reference/comparisons.h:41:13:bool tflite::reference_ops::GreaterEqualFn(T, T) [with T = long long int]	24	static
D:/PhD/Workspace/Git_phd/phd/research/embedded_security/attest_app/Middlewares/tensorflow/tensorflow/lite/kernels/internal/reference/comparisons.h:122:13:void tflite::reference_ops::BroadcastComparison4DSlowImpl(const tflite::ComparisonParams&, const tflite::RuntimeShape&, const T*, const tflite::RuntimeShape&, const T*, const tflite::RuntimeShape&, bool*) [with T = long long int; bool (* F)(T, T) = GreaterEqualFn<long long int>]	160	static
D:/PhD/Workspace/Git_phd/phd/research/embedded_security/attest_app/Middlewares/tensorflow/tensorflow/lite/kernels/internal/reference/comparisons.h:57:13:void tflite::reference_ops::ComparisonImpl(const tflite::ComparisonParams&, const tflite::RuntimeShape&, const T*, const tflite::RuntimeShape&, const T*, const tflite::RuntimeShape&, bool*) [with T = long long int; bool (* F)(T, T) = GreaterEqualFn<long long int>]	64	static
D:/PhD/Workspace/Git_phd/phd/research/embedded_security/attest_app/Middlewares/tensorflow/tensorflow/lite/kernels/internal/reference/comparisons.h:159:13:void tflite::reference_ops::BroadcastComparison4DSlowWithScaling(const tflite::ComparisonParams&, const tflite::RuntimeShape&, const T*, const tflite::RuntimeShape&, const T*, const tflite::RuntimeShape&, bool*) [with T = signed char; bool (* F)(long int, long int) = GreaterEqualFn<long int>]	200	static
D:/PhD/Workspace/Git_phd/phd/research/embedded_security/attest_app/Middlewares/tensorflow/tensorflow/lite/kernels/internal/reference/comparisons.h:80:13:void tflite::reference_ops::ComparisonWithScaling(const tflite::ComparisonParams&, const tflite::RuntimeShape&, const T*, const tflite::RuntimeShape&, const T*, const tflite::RuntimeShape&, bool*) [with T = signed char; bool (* F)(long int, long int) = GreaterEqualFn<long int>]	120	static
D:/PhD/Workspace/Git_phd/phd/research/embedded_security/attest_app/Middlewares/tensorflow/tensorflow/lite/kernels/internal/reference/comparisons.h:45:13:bool tflite::reference_ops::LessFn(T, T) [with T = long int]	16	static
D:/PhD/Workspace/Git_phd/phd/research/embedded_security/attest_app/Middlewares/tensorflow/tensorflow/lite/kernels/internal/reference/comparisons.h:122:13:void tflite::reference_ops::BroadcastComparison4DSlowImpl(const tflite::ComparisonParams&, const tflite::RuntimeShape&, const T*, const tflite::RuntimeShape&, const T*, const tflite::RuntimeShape&, bool*) [with T = long int; bool (* F)(T, T) = LessFn<long int>]	152	static
D:/PhD/Workspace/Git_phd/phd/research/embedded_security/attest_app/Middlewares/tensorflow/tensorflow/lite/kernels/internal/reference/comparisons.h:57:13:void tflite::reference_ops::ComparisonImpl(const tflite::ComparisonParams&, const tflite::RuntimeShape&, const T*, const tflite::RuntimeShape&, const T*, const tflite::RuntimeShape&, bool*) [with T = long int; bool (* F)(T, T) = LessFn<long int>]	64	static
D:/PhD/Workspace/Git_phd/phd/research/embedded_security/attest_app/Middlewares/tensorflow/tensorflow/lite/kernels/internal/reference/comparisons.h:45:13:bool tflite::reference_ops::LessFn(T, T) [with T = long long int]	24	static
D:/PhD/Workspace/Git_phd/phd/research/embedded_security/attest_app/Middlewares/tensorflow/tensorflow/lite/kernels/internal/reference/comparisons.h:122:13:void tflite::reference_ops::BroadcastComparison4DSlowImpl(const tflite::ComparisonParams&, const tflite::RuntimeShape&, const T*, const tflite::RuntimeShape&, const T*, const tflite::RuntimeShape&, bool*) [with T = long long int; bool (* F)(T, T) = LessFn<long long int>]	160	static
D:/PhD/Workspace/Git_phd/phd/research/embedded_security/attest_app/Middlewares/tensorflow/tensorflow/lite/kernels/internal/reference/comparisons.h:57:13:void tflite::reference_ops::ComparisonImpl(const tflite::ComparisonParams&, const tflite::RuntimeShape&, const T*, const tflite::RuntimeShape&, const T*, const tflite::RuntimeShape&, bool*) [with T = long long int; bool (* F)(T, T) = LessFn<long long int>]	64	static
D:/PhD/Workspace/Git_phd/phd/research/embedded_security/attest_app/Middlewares/tensorflow/tensorflow/lite/kernels/internal/reference/comparisons.h:159:13:void tflite::reference_ops::BroadcastComparison4DSlowWithScaling(const tflite::ComparisonParams&, const tflite::RuntimeShape&, const T*, const tflite::RuntimeShape&, const T*, const tflite::RuntimeShape&, bool*) [with T = signed char; bool (* F)(long int, long int) = LessFn<long int>]	200	static
D:/PhD/Workspace/Git_phd/phd/research/embedded_security/attest_app/Middlewares/tensorflow/tensorflow/lite/kernels/internal/reference/comparisons.h:80:13:void tflite::reference_ops::ComparisonWithScaling(const tflite::ComparisonParams&, const tflite::RuntimeShape&, const T*, const tflite::RuntimeShape&, const T*, const tflite::RuntimeShape&, bool*) [with T = signed char; bool (* F)(long int, long int) = LessFn<long int>]	120	static
D:/PhD/Workspace/Git_phd/phd/research/embedded_security/attest_app/Middlewares/tensorflow/tensorflow/lite/kernels/internal/reference/comparisons.h:49:13:bool tflite::reference_ops::LessEqualFn(T, T) [with T = long int]	16	static
D:/PhD/Workspace/Git_phd/phd/research/embedded_security/attest_app/Middlewares/tensorflow/tensorflow/lite/kernels/internal/reference/comparisons.h:122:13:void tflite::reference_ops::BroadcastComparison4DSlowImpl(const tflite::ComparisonParams&, const tflite::RuntimeShape&, const T*, const tflite::RuntimeShape&, const T*, const tflite::RuntimeShape&, bool*) [with T = long int; bool (* F)(T, T) = LessEqualFn<long int>]	152	static
D:/PhD/Workspace/Git_phd/phd/research/embedded_security/attest_app/Middlewares/tensorflow/tensorflow/lite/kernels/internal/reference/comparisons.h:57:13:void tflite::reference_ops::ComparisonImpl(const tflite::ComparisonParams&, const tflite::RuntimeShape&, const T*, const tflite::RuntimeShape&, const T*, const tflite::RuntimeShape&, bool*) [with T = long int; bool (* F)(T, T) = LessEqualFn<long int>]	64	static
D:/PhD/Workspace/Git_phd/phd/research/embedded_security/attest_app/Middlewares/tensorflow/tensorflow/lite/kernels/internal/reference/comparisons.h:49:13:bool tflite::reference_ops::LessEqualFn(T, T) [with T = long long int]	24	static
D:/PhD/Workspace/Git_phd/phd/research/embedded_security/attest_app/Middlewares/tensorflow/tensorflow/lite/kernels/internal/reference/comparisons.h:122:13:void tflite::reference_ops::BroadcastComparison4DSlowImpl(const tflite::ComparisonParams&, const tflite::RuntimeShape&, const T*, const tflite::RuntimeShape&, const T*, const tflite::RuntimeShape&, bool*) [with T = long long int; bool (* F)(T, T) = LessEqualFn<long long int>]	160	static
D:/PhD/Workspace/Git_phd/phd/research/embedded_security/attest_app/Middlewares/tensorflow/tensorflow/lite/kernels/internal/reference/comparisons.h:57:13:void tflite::reference_ops::ComparisonImpl(const tflite::ComparisonParams&, const tflite::RuntimeShape&, const T*, const tflite::RuntimeShape&, const T*, const tflite::RuntimeShape&, bool*) [with T = long long int; bool (* F)(T, T) = LessEqualFn<long long int>]	64	static
D:/PhD/Workspace/Git_phd/phd/research/embedded_security/attest_app/Middlewares/tensorflow/tensorflow/lite/kernels/internal/reference/comparisons.h:159:13:void tflite::reference_ops::BroadcastComparison4DSlowWithScaling(const tflite::ComparisonParams&, const tflite::RuntimeShape&, const T*, const tflite::RuntimeShape&, const T*, const tflite::RuntimeShape&, bool*) [with T = signed char; bool (* F)(long int, long int) = LessEqualFn<long int>]	200	static
D:/PhD/Workspace/Git_phd/phd/research/embedded_security/attest_app/Middlewares/tensorflow/tensorflow/lite/kernels/internal/reference/comparisons.h:80:13:void tflite::reference_ops::ComparisonWithScaling(const tflite::ComparisonParams&, const tflite::RuntimeShape&, const T*, const tflite::RuntimeShape&, const T*, const tflite::RuntimeShape&, bool*) [with T = signed char; bool (* F)(long int, long int) = LessEqualFn<long int>]	120	static
D:/PhD/Workspace/Git_phd/phd/research/embedded_security/attest_app/Middlewares/tensorflow/third_party/gemmlowp/fixedpoint/fixedpoint.h:156:14:tIntegerType gemmlowp::MaskIfNonZero(tIntegerType) [with tIntegerType = long int]	16	static
D:/PhD/Workspace/Git_phd/phd/research/embedded_security/attest_app/Middlewares/tensorflow/third_party/gemmlowp/fixedpoint/fixedpoint.h:88:14:tIntegerType gemmlowp::BitNot(tIntegerType) [with tIntegerType = long int]	16	static
