E:\Installs\stmcubeide\STM32CubeIDE_1.15.0\STM32CubeIDE\plugins\com.st.stm32cube.ide.mcu.externaltools.gnu-tools-for-stm32\tools\bin\../lib/gcc/arm-none-eabi/12.3.1/../../../../arm-none-eabi/include/c++/12.3.1/limits:1204:7:static constexpr long int std::numeric_limits<long int>::min()	4	static
E:\Installs\stmcubeide\STM32CubeIDE_1.15.0\STM32CubeIDE\plugins\com.st.stm32cube.ide.mcu.externaltools.gnu-tools-for-stm32\tools\bin\../lib/gcc/arm-none-eabi/12.3.1/../../../../arm-none-eabi/include/c++/12.3.1/limits:1207:7:static constexpr long int std::numeric_limits<long int>::max()	4	static
E:\Installs\stmcubeide\STM32CubeIDE_1.15.0\STM32CubeIDE\plugins\com.st.stm32cube.ide.mcu.externaltools.gnu-tools-for-stm32\tools\bin\../lib/gcc/arm-none-eabi/12.3.1/../../../../arm-none-eabi/include/c++/12.3.1/limits:1211:7:static constexpr long int std::numeric_limits<long int>::lowest()	8	static
E:\Installs\stmcubeide\STM32CubeIDE_1.15.0\STM32CubeIDE\plugins\com.st.stm32cube.ide.mcu.externaltools.gnu-tools-for-stm32\tools\bin\../lib/gcc/arm-none-eabi/12.3.1/../../../../arm-none-eabi/include/c++/12.3.1/limits:1678:7:static constexpr float std::numeric_limits<float>::max()	4	static
E:\Installs\stmcubeide\STM32CubeIDE_1.15.0\STM32CubeIDE\plugins\com.st.stm32cube.ide.mcu.externaltools.gnu-tools-for-stm32\tools\bin\../lib/gcc/arm-none-eabi/12.3.1/../../../../arm-none-eabi/include/c++/12.3.1/limits:1682:7:static constexpr float std::numeric_limits<float>::lowest()	4	static
D:/PhD/Workspace/Git_phd/phd/research/embedded_security/attest_app/Middlewares/tensorflow/tensorflow/lite/kernels/op_macros.h:24:13:void AbortImpl()	8	static
D:/PhD/Workspace/Git_phd/phd/research/embedded_security/attest_app/Middlewares/tensorflow/tensorflow/lite/kernels/internal/runtime_shape.h:43:3:tflite::RuntimeShape::RuntimeShape(int, int32_t)	32	static
D:/PhD/Workspace/Git_phd/phd/research/embedded_security/attest_app/Middlewares/tensorflow/tensorflow/lite/kernels/internal/runtime_shape.h:56:8:bool tflite::RuntimeShape::operator==(const tflite::RuntimeShape&) const	24	static
D:/PhD/Workspace/Git_phd/phd/research/embedded_security/attest_app/Middlewares/tensorflow/tensorflow/lite/kernels/internal/runtime_shape.h:62:3:tflite::RuntimeShape::~RuntimeShape()	16	static
D:/PhD/Workspace/Git_phd/phd/research/embedded_security/attest_app/Middlewares/tensorflow/tensorflow/lite/kernels/internal/runtime_shape.h:64:11:int32_t tflite::RuntimeShape::DimensionsCount() const	16	static
D:/PhD/Workspace/Git_phd/phd/research/embedded_security/attest_app/Middlewares/tensorflow/tensorflow/lite/kernels/internal/runtime_shape.h:65:11:int32_t tflite::RuntimeShape::Dims(int) const	16	static
D:/PhD/Workspace/Git_phd/phd/research/embedded_security/attest_app/Middlewares/tensorflow/tensorflow/lite/kernels/internal/runtime_shape.h:70:8:void tflite::RuntimeShape::SetDim(int, int32_t)	24	static
D:/PhD/Workspace/Git_phd/phd/research/embedded_security/attest_app/Middlewares/tensorflow/tensorflow/lite/kernels/internal/runtime_shape.h:76:23:static tflite::RuntimeShape tflite::RuntimeShape::ExtendedShape(int, const tflite::RuntimeShape&)	24	static
D:/PhD/Workspace/Git_phd/phd/research/embedded_security/attest_app/Middlewares/tensorflow/tensorflow/lite/kernels/internal/runtime_shape.h:81:12:int32_t* tflite::RuntimeShape::DimsData()	16	static
D:/PhD/Workspace/Git_phd/phd/research/embedded_security/attest_app/Middlewares/tensorflow/tensorflow/lite/kernels/internal/runtime_shape.h:82:18:const int32_t* tflite::RuntimeShape::DimsData() const	16	static
D:/PhD/Workspace/Git_phd/phd/research/embedded_security/attest_app/Middlewares/tensorflow/tensorflow/lite/kernels/internal/runtime_shape.h:94:7:int tflite::RuntimeShape::FlatSize() const	32	static
D:/PhD/Workspace/Git_phd/phd/research/embedded_security/attest_app/Middlewares/tensorflow/tensorflow/lite/kernels/internal/runtime_shape.h:107:3:tflite::RuntimeShape::RuntimeShape(int, const tflite::RuntimeShape&, int)	40	static
D:/PhD/Workspace/Git_phd/phd/research/embedded_security/attest_app/Middlewares/tensorflow/tensorflow/lite/kernels/internal/runtime_shape.h:131:12:int tflite::Offset(const RuntimeShape&, int, int, int, int)	32	static
D:/PhD/Workspace/Git_phd/phd/research/embedded_security/attest_app/Middlewares/tensorflow/tensorflow/lite/kernels/internal/types.h:299:12:int tflite::MatchingElementsSize(const RuntimeShape&, const RuntimeShape&, const RuntimeShape&)	40	static
E:\Installs\stmcubeide\STM32CubeIDE_1.15.0\STM32CubeIDE\plugins\com.st.stm32cube.ide.mcu.externaltools.gnu-tools-for-stm32\tools\bin\../lib/gcc/arm-none-eabi/12.3.1/../../../../arm-none-eabi/include/c++/12.3.1/bits/stl_algobase.h:230:5:constexpr const _Tp& std::min(const _Tp&, const _Tp&) [with _Tp = int]	16	static
D:/PhD/Workspace/Git_phd/phd/research/embedded_security/attest_app/Middlewares/tensorflow/tensorflow/lite/kernels/internal/types.h:399:12:int tflite::MatchingExtendedShapeFlatSize(const RuntimeShape&, const RuntimeShape&)	48	static
D:/PhD/Workspace/Git_phd/phd/research/embedded_security/attest_app/Middlewares/tensorflow/tensorflow/lite/kernels/internal/types.h:418:12:int tflite::MatchingExtendedShapeFlatSize(const RuntimeShape&, const RuntimeShape&, const RuntimeShape&)	32	static
D:/PhD/Workspace/Git_phd/phd/research/embedded_security/attest_app/Middlewares/tensorflow/third_party/ruy/ruy/profiler/instrumentation.h:195:3:ruy::profiler::ScopeLabel::~ScopeLabel()	16	static
D:/PhD/Workspace/Git_phd/phd/research/embedded_security/attest_app/Middlewares/tensorflow/tensorflow/lite/kernels/internal/common.h:931:12:int tflite::SubscriptToIndex(const NdArrayDesc<4>&, int, int, int, int)	24	static
E:\Installs\stmcubeide\STM32CubeIDE_1.15.0\STM32CubeIDE\plugins\com.st.stm32cube.ide.mcu.externaltools.gnu-tools-for-stm32\tools\arm-none-eabi\include\c++\12.3.1\arm-none-eabi\thumb\v8-m.main+fp\hard\bits\gthr-default.h:229:1:int __gthread_key_delete(__gthread_key_t)	16	static
E:\Installs\stmcubeide\STM32CubeIDE_1.15.0\STM32CubeIDE\plugins\com.st.stm32cube.ide.mcu.externaltools.gnu-tools-for-stm32\tools\bin\../lib/gcc/arm-none-eabi/12.3.1/../../../../arm-none-eabi/include/c++/12.3.1/bits/stl_algobase.h:230:5:constexpr const _Tp& std::min(const _Tp&, const _Tp&) [with _Tp = long int]	16	static
E:\Installs\stmcubeide\STM32CubeIDE_1.15.0\STM32CubeIDE\plugins\com.st.stm32cube.ide.mcu.externaltools.gnu-tools-for-stm32\tools\bin\../lib/gcc/arm-none-eabi/12.3.1/../../../../arm-none-eabi/include/c++/12.3.1/bits/stl_algobase.h:254:5:constexpr const _Tp& std::max(const _Tp&, const _Tp&) [with _Tp = long int]	16	static
D:/PhD/Workspace/Git_phd/phd/research/embedded_security/attest_app/Middlewares/tensorflow/tensorflow/lite/kernels/internal/reference/process_broadcast_shapes.h:40:13:bool tflite::reference_ops::ProcessBroadcastShapes(const tflite::RuntimeShape&, const tflite::RuntimeShape&, tflite::ArithmeticParams*)	152	static
D:/PhD/Workspace/Git_phd/phd/research/embedded_security/attest_app/Middlewares/tensorflow/tensorflow/lite/kernels/kernel_util.h:155:12:int tflite::NumInputs(const TfLiteNode*)	16	static
D:/PhD/Workspace/Git_phd/phd/research/embedded_security/attest_app/Middlewares/tensorflow/tensorflow/lite/kernels/kernel_util.h:158:12:int tflite::NumOutputs(const TfLiteNode*)	16	static
D:/PhD/Workspace/Git_phd/phd/research/embedded_security/attest_app/Middlewares/tensorflow/tensorflow/lite/micro/micro_context.h:146:22:tflite::MicroContext* tflite::GetMicroContext(const TfLiteContext*)	16	static
D:/PhD/Workspace/Git_phd/phd/research/embedded_security/attest_app/Middlewares/tensorflow/tensorflow/lite/micro/kernels/mul_common.cc:33:7:void* tflite::MulInit(TfLiteContext*, const char*, size_t)	24	static
D:/PhD/Workspace/Git_phd/phd/research/embedded_security/attest_app/Middlewares/tensorflow/tensorflow/lite/micro/kernels/mul_common.cc:38:14:TfLiteStatus tflite::CalculateOpDataMul(TfLiteContext*, TfLiteNode*, TfLiteMulParams*, OpDataMul*)	80	static
D:/PhD/Workspace/Git_phd/phd/research/embedded_security/attest_app/Middlewares/tensorflow/tensorflow/lite/micro/kernels/mul_common.cc:92:14:TfLiteStatus tflite::MulPrepare(TfLiteContext*, TfLiteNode*)	24	static
D:/PhD/Workspace/Git_phd/phd/research/embedded_security/attest_app/Middlewares/tensorflow/tensorflow/lite/micro/kernels/mul_common.cc:102:14:TfLiteStatus tflite::EvalMulQuantizedReference(TfLiteContext*, TfLiteNode*, const OpDataMul*, const TfLiteEvalTensor*, const TfLiteEvalTensor*, TfLiteEvalTensor*)	720	static
D:/PhD/Workspace/Git_phd/phd/research/embedded_security/attest_app/Middlewares/tensorflow/tensorflow/lite/micro/kernels/mul_common.cc:182:6:void tflite::EvalMulFloatReference(TfLiteContext*, TfLiteNode*, TfLiteMulParams*, const OpDataMul*, const TfLiteEvalTensor*, const TfLiteEvalTensor*, TfLiteEvalTensor*)	384	static
D:/PhD/Workspace/Git_phd/phd/research/embedded_security/attest_app/Middlewares/tensorflow/tensorflow/lite/kernels/internal/common.h:62:10:T tflite::ActivationFunctionWithMinMax(T, T, T) [with T = float]	24	static
D:/PhD/Workspace/Git_phd/phd/research/embedded_security/attest_app/Middlewares/tensorflow/third_party/ruy/ruy/profiler/instrumentation.h:191:12:) [with Args = {const char*}]	16	static
D:/PhD/Workspace/Git_phd/phd/research/embedded_security/attest_app/Middlewares/tensorflow/tensorflow/lite/kernels/internal/common.h:1024:13:void tflite::NdArrayDescsForElementwiseBroadcast(const RuntimeShape&, const RuntimeShape&, NdArrayDesc<N>*, NdArrayDesc<N>*) [with int N = 4]	96	static
D:/PhD/Workspace/Git_phd/phd/research/embedded_security/attest_app/Middlewares/tensorflow/tensorflow/lite/kernels/kernel_util.h:274:6:void tflite::CalculateActivationRange(TfLiteFusedActivation, T*, T*) [with T = long int]	24	static
D:/PhD/Workspace/Git_phd/phd/research/embedded_security/attest_app/Middlewares/tensorflow/tensorflow/lite/kernels/kernel_util.h:274:6:void tflite::CalculateActivationRange(TfLiteFusedActivation, T*, T*) [with T = float]	24	static
D:/PhD/Workspace/Git_phd/phd/research/embedded_security/attest_app/Middlewares/tensorflow/tensorflow/lite/micro/kernels/kernel_util.h:71:10:const T* tflite::micro::GetTensorData(const TfLiteEvalTensor*) [with T = signed char]	16	static
D:/PhD/Workspace/Git_phd/phd/research/embedded_security/attest_app/Middlewares/tensorflow/tensorflow/lite/micro/kernels/kernel_util.h:64:4:T* tflite::micro::GetTensorData(TfLiteEvalTensor*) [with T = signed char]	16	static
D:/PhD/Workspace/Git_phd/phd/research/embedded_security/attest_app/Middlewares/tensorflow/tensorflow/lite/kernels/internal/reference/integer_ops/mul.h:91:13:void tflite::reference_integer_ops::BroadcastMul4DSlow(const tflite::ArithmeticParams&, const tflite::RuntimeShape&, const T*, const tflite::RuntimeShape&, const T*, const tflite::RuntimeShape&, T*) [with T = signed char]	168	static
D:/PhD/Workspace/Git_phd/phd/research/embedded_security/attest_app/Middlewares/tensorflow/tensorflow/lite/kernels/internal/reference/integer_ops/mul.h:47:13:void tflite::reference_integer_ops::Mul(const tflite::ArithmeticParams&, const tflite::RuntimeShape&, const T*, const tflite::RuntimeShape&, const T*, const tflite::RuntimeShape&, T*) [with T = signed char]	40	static
D:/PhD/Workspace/Git_phd/phd/research/embedded_security/attest_app/Middlewares/tensorflow/tensorflow/lite/micro/kernels/kernel_util.h:71:10:const T* tflite::micro::GetTensorData(const TfLiteEvalTensor*) [with T = long int]	16	static
D:/PhD/Workspace/Git_phd/phd/research/embedded_security/attest_app/Middlewares/tensorflow/tensorflow/lite/micro/kernels/kernel_util.h:64:4:T* tflite::micro::GetTensorData(TfLiteEvalTensor*) [with T = long int]	16	static
D:/PhD/Workspace/Git_phd/phd/research/embedded_security/attest_app/Middlewares/tensorflow/tensorflow/lite/kernels/internal/reference/mul.h:136:1:typename std::enable_if<((! tflite::is_small_integer<T>::value) || enable_for_short_integers), void>::type tflite::reference_ops::BroadcastMul4DSlow(const tflite::ArithmeticParams&, const tflite::RuntimeShape&, const T*, const tflite::RuntimeShape&, const T*, const tflite::RuntimeShape&, T*) [with T = long int; bool enable_for_short_integers = false]	160	static
D:/PhD/Workspace/Git_phd/phd/research/embedded_security/attest_app/Middlewares/tensorflow/tensorflow/lite/kernels/internal/reference/mul.h:48:13:void tflite::reference_ops::Mul(const tflite::ArithmeticParams&, const tflite::RuntimeShape&, const T*, const tflite::RuntimeShape&, const T*, const tflite::RuntimeShape&, T*) [with T = long int]	48	static
D:/PhD/Workspace/Git_phd/phd/research/embedded_security/attest_app/Middlewares/tensorflow/tensorflow/lite/micro/kernels/kernel_util.h:71:10:const T* tflite::micro::GetTensorData(const TfLiteEvalTensor*) [with T = short int]	16	static
D:/PhD/Workspace/Git_phd/phd/research/embedded_security/attest_app/Middlewares/tensorflow/tensorflow/lite/micro/kernels/kernel_util.h:64:4:T* tflite::micro::GetTensorData(TfLiteEvalTensor*) [with T = short int]	16	static
D:/PhD/Workspace/Git_phd/phd/research/embedded_security/attest_app/Middlewares/tensorflow/tensorflow/lite/kernels/internal/reference/integer_ops/mul.h:91:13:void tflite::reference_integer_ops::BroadcastMul4DSlow(const tflite::ArithmeticParams&, const tflite::RuntimeShape&, const T*, const tflite::RuntimeShape&, const T*, const tflite::RuntimeShape&, T*) [with T = short int]	168	static
D:/PhD/Workspace/Git_phd/phd/research/embedded_security/attest_app/Middlewares/tensorflow/tensorflow/lite/kernels/internal/reference/integer_ops/mul.h:47:13:void tflite::reference_integer_ops::Mul(const tflite::ArithmeticParams&, const tflite::RuntimeShape&, const T*, const tflite::RuntimeShape&, const T*, const tflite::RuntimeShape&, T*) [with T = short int]	40	static
D:/PhD/Workspace/Git_phd/phd/research/embedded_security/attest_app/Middlewares/tensorflow/tensorflow/lite/micro/kernels/kernel_util.h:71:10:const T* tflite::micro::GetTensorData(const TfLiteEvalTensor*) [with T = float]	16	static
D:/PhD/Workspace/Git_phd/phd/research/embedded_security/attest_app/Middlewares/tensorflow/tensorflow/lite/micro/kernels/kernel_util.h:64:4:T* tflite::micro::GetTensorData(TfLiteEvalTensor*) [with T = float]	16	static
D:/PhD/Workspace/Git_phd/phd/research/embedded_security/attest_app/Middlewares/tensorflow/tensorflow/lite/kernels/internal/reference/mul.h:136:1:typename std::enable_if<((! tflite::is_small_integer<T>::value) || enable_for_short_integers), void>::type tflite::reference_ops::BroadcastMul4DSlow(const tflite::ArithmeticParams&, const tflite::RuntimeShape&, const T*, const tflite::RuntimeShape&, const T*, const tflite::RuntimeShape&, T*) [with T = float; bool enable_for_short_integers = false]	168	static
D:/PhD/Workspace/Git_phd/phd/research/embedded_security/attest_app/Middlewares/tensorflow/tensorflow/lite/kernels/internal/reference/mul.h:48:13:void tflite::reference_ops::Mul(const tflite::ArithmeticParams&, const tflite::RuntimeShape&, const T*, const tflite::RuntimeShape&, const T*, const tflite::RuntimeShape&, T*) [with T = float]	48	static
E:\Installs\stmcubeide\STM32CubeIDE_1.15.0\STM32CubeIDE\plugins\com.st.stm32cube.ide.mcu.externaltools.gnu-tools-for-stm32\tools\bin\../lib/gcc/arm-none-eabi/12.3.1/../../../../arm-none-eabi/include/c++/12.3.1/bits/stl_algobase.h:254:5:constexpr const _Tp& std::max(const _Tp&, const _Tp&) [with _Tp = float]	16	static
E:\Installs\stmcubeide\STM32CubeIDE_1.15.0\STM32CubeIDE\plugins\com.st.stm32cube.ide.mcu.externaltools.gnu-tools-for-stm32\tools\bin\../lib/gcc/arm-none-eabi/12.3.1/../../../../arm-none-eabi/include/c++/12.3.1/bits/stl_algobase.h:230:5:constexpr const _Tp& std::min(const _Tp&, const _Tp&) [with _Tp = float]	16	static
D:/PhD/Workspace/Git_phd/phd/research/embedded_security/attest_app/Middlewares/tensorflow/tensorflow/lite/kernels/internal/common.h:1013:22:void tflite::CopyDimsToDesc(const RuntimeShape&, NdArrayDesc<N>*) [with int N = 4]	24	static
D:/PhD/Workspace/Git_phd/phd/research/embedded_security/attest_app/Middlewares/tensorflow/tensorflow/lite/kernels/internal/reference/integer_ops/mul.h:28:6:void tflite::reference_integer_ops::MulElementwise(int, const tflite::ArithmeticParams&, const InputType*, const InputType*, OutputType*) [with InputType = signed char; OutputType = signed char]	56	static
D:/PhD/Workspace/Git_phd/phd/research/embedded_security/attest_app/Middlewares/tensorflow/tensorflow/lite/kernels/internal/types.h:1047:13:void tflite::GetActivationParams(const P&, int32_t*, int32_t*) [with P = ArithmeticParams]	24	static
D:/PhD/Workspace/Git_phd/phd/research/embedded_security/attest_app/Middlewares/tensorflow/tensorflow/lite/kernels/internal/common.h:62:10:T tflite::ActivationFunctionWithMinMax(T, T, T) [with T = long int]	24	static
D:/PhD/Workspace/Git_phd/phd/research/embedded_security/attest_app/Middlewares/tensorflow/tensorflow/lite/kernels/internal/reference/integer_ops/mul.h:28:6:void tflite::reference_integer_ops::MulElementwise(int, const tflite::ArithmeticParams&, const InputType*, const InputType*, OutputType*) [with InputType = short int; OutputType = short int]	56	static
D:/PhD/Workspace/Git_phd/phd/research/embedded_security/attest_app/Middlewares/tensorflow/tensorflow/lite/kernels/internal/types.h:1065:13:void tflite::GetActivationParams(const P&, float*, float*) [with P = ArithmeticParams]	24	static
