E:\Installs\stmcubeide\STM32CubeIDE_1.15.0\STM32CubeIDE\plugins\com.st.stm32cube.ide.mcu.externaltools.gnu-tools-for-stm32\tools\bin\../lib/gcc/arm-none-eabi/12.3.1/../../../../arm-none-eabi/include/c++/12.3.1/bits/std_abs.h:75:3:constexpr float std::abs(float)	16	static
E:\Installs\stmcubeide\STM32CubeIDE_1.15.0\STM32CubeIDE\plugins\com.st.stm32cube.ide.mcu.externaltools.gnu-tools-for-stm32\tools\bin\../lib/gcc/arm-none-eabi/12.3.1/../../../../arm-none-eabi/include/c++/12.3.1/cmath:338:3:constexpr float std::log(float)	16	static
E:\Installs\stmcubeide\STM32CubeIDE_1.15.0\STM32CubeIDE\plugins\com.st.stm32cube.ide.mcu.externaltools.gnu-tools-for-stm32\tools\bin\../lib/gcc/arm-none-eabi/12.3.1/../../../../arm-none-eabi/include/c++/12.3.1/cmath:1756:3:constexpr float std::round(float)	16	static
E:\Installs\stmcubeide\STM32CubeIDE_1.15.0\STM32CubeIDE\plugins\com.st.stm32cube.ide.mcu.externaltools.gnu-tools-for-stm32\tools\bin\../lib/gcc/arm-none-eabi/12.3.1/../../../../arm-none-eabi/include/c++/12.3.1/limits:1068:7:static constexpr int std::numeric_limits<int>::max()	4	static
E:\Installs\stmcubeide\STM32CubeIDE_1.15.0\STM32CubeIDE\plugins\com.st.stm32cube.ide.mcu.externaltools.gnu-tools-for-stm32\tools\bin\../lib/gcc/arm-none-eabi/12.3.1/../../../../arm-none-eabi/include/c++/12.3.1/limits:1207:7:static constexpr long int std::numeric_limits<long int>::max()	4	static
E:\Installs\stmcubeide\STM32CubeIDE_1.15.0\STM32CubeIDE\plugins\com.st.stm32cube.ide.mcu.externaltools.gnu-tools-for-stm32\tools\bin\../lib/gcc/arm-none-eabi/12.3.1/../../../../arm-none-eabi/include/c++/12.3.1/limits:1344:7:static constexpr long long int std::numeric_limits<long long int>::min()	4	static
E:\Installs\stmcubeide\STM32CubeIDE_1.15.0\STM32CubeIDE\plugins\com.st.stm32cube.ide.mcu.externaltools.gnu-tools-for-stm32\tools\bin\../lib/gcc/arm-none-eabi/12.3.1/../../../../arm-none-eabi/include/c++/12.3.1/limits:1347:7:static constexpr long long int std::numeric_limits<long long int>::max()	4	static
E:\Installs\stmcubeide\STM32CubeIDE_1.15.0\STM32CubeIDE\plugins\com.st.stm32cube.ide.mcu.externaltools.gnu-tools-for-stm32\tools\bin\../lib/gcc/arm-none-eabi/12.3.1/../../../../arm-none-eabi/include/c++/12.3.1/limits:1791:7:static constexpr double std::numeric_limits<double>::infinity()	4	static
E:\Installs\stmcubeide\STM32CubeIDE_1.15.0\STM32CubeIDE\plugins\com.st.stm32cube.ide.mcu.externaltools.gnu-tools-for-stm32\tools\bin\../lib/gcc/arm-none-eabi/12.3.1/../../../../arm-none-eabi/include/c++/12.3.1/limits:1794:7:static constexpr double std::numeric_limits<double>::quiet_NaN()	4	static
D:/PhD/Workspace/Git_phd/phd/research/embedded_security/attest_app/Middlewares/tensorflow/tensorflow/lite/kernels/op_macros.h:24:13:void AbortImpl()	8	static
D:/PhD/Workspace/Git_phd/phd/research/embedded_security/attest_app/Middlewares/tensorflow/tensorflow/lite/kernels/internal/quantization_util.cc:53:6:void tflite::QuantizeMultiplier(double, int32_t*, int*)	64	static
D:/PhD/Workspace/Git_phd/phd/research/embedded_security/attest_app/Middlewares/tensorflow/tensorflow/lite/kernels/internal/quantization_util.cc:106:6:void tflite::QuantizeMultiplierGreaterThanOne(double, int32_t*, int*)	24	static
D:/PhD/Workspace/Git_phd/phd/research/embedded_security/attest_app/Middlewares/tensorflow/tensorflow/lite/kernels/internal/quantization_util.cc:114:6:void tflite::QuantizeMultiplierSmallerThanOneExp(double, int32_t*, int*)	32	static
D:/PhD/Workspace/Git_phd/phd/research/embedded_security/attest_app/Middlewares/tensorflow/tensorflow/lite/kernels/internal/quantization_util.cc:125:9:int64_t tflite::IntegerFrExp(double, int*)	112	static
D:/PhD/Workspace/Git_phd/phd/research/embedded_security/attest_app/Middlewares/tensorflow/tensorflow/lite/kernels/internal/quantization_util.cc:191:8:double tflite::DoubleFromFractionAndShift(int64_t, int)	160	static
D:/PhD/Workspace/Git_phd/phd/research/embedded_security/attest_app/Middlewares/tensorflow/tensorflow/lite/kernels/internal/quantization_util.cc:238:8:double tflite::IntegerDoubleMultiply(double, double)	72	static
D:/PhD/Workspace/Git_phd/phd/research/embedded_security/attest_app/Middlewares/tensorflow/tensorflow/lite/kernels/internal/quantization_util.cc:253:5:int tflite::IntegerDoubleCompare(double, double)	48	static
D:/PhD/Workspace/Git_phd/phd/research/embedded_security/attest_app/Middlewares/tensorflow/tensorflow/lite/kernels/internal/quantization_util.cc:282:6:void tflite::PreprocessSoftmaxScaling(double, double, int, int32_t*, int*)	72	static
D:/PhD/Workspace/Git_phd/phd/research/embedded_security/attest_app/Middlewares/tensorflow/tensorflow/lite/kernels/internal/quantization_util.cc:321:6:void tflite::PreprocessLogSoftmaxScalingExp(double, double, int, int32_t*, int*, int32_t*, int*)	56	static
D:/PhD/Workspace/Git_phd/phd/research/embedded_security/attest_app/Middlewares/tensorflow/tensorflow/lite/kernels/internal/quantization_util.cc:338:5:int tflite::CalculateInputRadius(int, int, int)	64	static
D:/PhD/Workspace/Git_phd/phd/research/embedded_security/attest_app/Middlewares/tensorflow/tensorflow/lite/kernels/internal/quantization_util.cc:357:6:void tflite::NudgeQuantizationRange(float, float, int, int, float*, float*, float*)	48	static
E:\Installs\stmcubeide\STM32CubeIDE_1.15.0\STM32CubeIDE\plugins\com.st.stm32cube.ide.mcu.externaltools.gnu-tools-for-stm32\tools\bin\../lib/gcc/arm-none-eabi/12.3.1/../../../../arm-none-eabi/include/c++/12.3.1/bits/stl_algobase.h:254:5:constexpr const _Tp& std::max(const _Tp&, const _Tp&) [with _Tp = float]	16	static
D:/PhD/Workspace/Git_phd/phd/research/embedded_security/attest_app/Middlewares/tensorflow/tensorflow/lite/kernels/internal/quantization_util.cc:378:6:void tflite::FakeQuantizeArray(float, float, float, const float*, float*, float)	56	static
D:/PhD/Workspace/Git_phd/phd/research/embedded_security/attest_app/Middlewares/tensorflow/tensorflow/lite/kernels/internal/quantization_util.cc:395:6:bool tflite::CheckedLog2(float, int*)	40	static
D:/PhD/Workspace/Git_phd/phd/research/embedded_security/attest_app/Middlewares/tensorflow/tensorflow/lite/kernels/internal/quantization_util.cc:407:6:void tflite::QuantizeMultiplierArray(const double*, size_t, int32_t*, int*)	32	static
D:/PhD/Workspace/Git_phd/phd/research/embedded_security/attest_app/Middlewares/tensorflow/tensorflow/lite/kernels/internal/cppmath.h:35:1:T tflite::TfLiteRound(T) [with T = double]	16	static
E:\Installs\stmcubeide\STM32CubeIDE_1.15.0\STM32CubeIDE\plugins\com.st.stm32cube.ide.mcu.externaltools.gnu-tools-for-stm32\tools\bin\../lib/gcc/arm-none-eabi/12.3.1/../../../../arm-none-eabi/include/c++/12.3.1/bits/stl_algobase.h:230:5:constexpr const _Tp& std::min(const _Tp&, const _Tp&) [with _Tp = double]	16	static
D:/PhD/Workspace/Git_phd/phd/research/embedded_security/attest_app/Middlewares/tensorflow/tensorflow/lite/kernels/internal/cppmath.h:35:1:T tflite::TfLiteRound(T) [with T = float]	16	static
E:\Installs\stmcubeide\STM32CubeIDE_1.15.0\STM32CubeIDE\plugins\com.st.stm32cube.ide.mcu.externaltools.gnu-tools-for-stm32\tools\bin\../lib/gcc/arm-none-eabi/12.3.1/../../../../arm-none-eabi/include/c++/12.3.1/bits/stl_algobase.h:230:5:constexpr const _Tp& std::min(const _Tp&, const _Tp&) [with _Tp = float]	16	static
