D:/PhD/Workspace/Git_phd/phd/research/embedded_security/attest_app/Middlewares/secure_manager_api/ipc/nonsecure/src/psa_client.c:131:13:client_memset	32	static
D:/PhD/Workspace/Git_phd/phd/research/embedded_security/attest_app/Middlewares/secure_manager_api/ipc/nonsecure/src/psa_client.c:152:13:client_memcpy	40	static
D:/PhD/Workspace/Git_phd/phd/research/embedded_security/attest_app/Middlewares/secure_manager_api/ipc/nonsecure/src/psa_client.c:170:13:get_SPM_exchange_area	40	static
D:/PhD/Workspace/Git_phd/phd/research/embedded_security/attest_app/Middlewares/secure_manager_api/ipc/nonsecure/src/psa_client.c:181:28:SPM_exchange_area_addr	8	static
D:/PhD/Workspace/Git_phd/phd/research/embedded_security/attest_app/Middlewares/secure_manager_api/ipc/nonsecure/src/psa_client.c:196:15:SPM_exchange_area_size	8	static
D:/PhD/Workspace/Git_phd/phd/research/embedded_security/attest_app/Middlewares/secure_manager_api/ipc/nonsecure/src/psa_client.c:220:21:psa_client_free_handle	24	static
D:/PhD/Workspace/Git_phd/phd/research/embedded_security/attest_app/Middlewares/secure_manager_api/ipc/nonsecure/src/psa_client.c:247:16:psa_client_check_client	24	static
D:/PhD/Workspace/Git_phd/phd/research/embedded_security/attest_app/Middlewares/secure_manager_api/ipc/nonsecure/src/psa_client.c:276:21:psa_client_check_handle	32	static
D:/PhD/Workspace/Git_phd/phd/research/embedded_security/attest_app/Middlewares/secure_manager_api/ipc/nonsecure/src/psa_client.c:306:21:psa_client_add_to_array	32	static
D:/PhD/Workspace/Git_phd/phd/research/embedded_security/attest_app/Middlewares/secure_manager_api/ipc/nonsecure/src/psa_client.c:346:17:psa_client_get_free_member	16	static
D:/PhD/Workspace/Git_phd/phd/research/embedded_security/attest_app/Middlewares/secure_manager_api/ipc/nonsecure/src/psa_client.c:378:21:psa_client_get_from_index	24	static
D:/PhD/Workspace/Git_phd/phd/research/embedded_security/attest_app/Middlewares/secure_manager_api/ipc/nonsecure/src/psa_client.c:404:13:internal_panic	4	static
D:/PhD/Workspace/Git_phd/phd/research/embedded_security/attest_app/Middlewares/secure_manager_api/ipc/nonsecure/src/psa_client.c:411:13:veener_psa_init_signal	16	static
D:/PhD/Workspace/Git_phd/phd/research/embedded_security/attest_app/Middlewares/secure_manager_api/ipc/nonsecure/src/psa_client.c:421:17:veener_psa_version	16	static
D:/PhD/Workspace/Git_phd/phd/research/embedded_security/attest_app/Middlewares/secure_manager_api/ipc/nonsecure/src/psa_client.c:433:21:veener_set_verbosity_level	32	static
D:/PhD/Workspace/Git_phd/phd/research/embedded_security/attest_app/Middlewares/secure_manager_api/ipc/nonsecure/src/psa_client.c:448:21:veener_get_verbosity_level	32	static
D:/PhD/Workspace/Git_phd/phd/research/embedded_security/attest_app/Middlewares/secure_manager_api/ipc/nonsecure/src/psa_client.c:466:17:veener_psa_framework_version	24	static
D:/PhD/Workspace/Git_phd/phd/research/embedded_security/attest_app/Middlewares/secure_manager_api/ipc/nonsecure/src/psa_client.c:475:21:veener_psa_connect	72	static
D:/PhD/Workspace/Git_phd/phd/research/embedded_security/attest_app/Middlewares/secure_manager_api/ipc/nonsecure/src/psa_client.c:586:13:veener_psa_close	72	static
D:/PhD/Workspace/Git_phd/phd/research/embedded_security/attest_app/Middlewares/secure_manager_api/ipc/nonsecure/src/psa_client.c:693:21:veener_psa_call	112	static
D:/PhD/Workspace/Git_phd/phd/research/embedded_security/attest_app/Middlewares/secure_manager_api/ipc/nonsecure/src/psa_client.c:916:10:psa_framework_version	16	static
D:/PhD/Workspace/Git_phd/phd/research/embedded_security/attest_app/Middlewares/secure_manager_api/ipc/nonsecure/src/psa_client.c:921:10:psa_version	24	static
D:/PhD/Workspace/Git_phd/phd/research/embedded_security/attest_app/Middlewares/secure_manager_api/ipc/nonsecure/src/psa_client.c:925:14:set_verbosity_level	24	static
D:/PhD/Workspace/Git_phd/phd/research/embedded_security/attest_app/Middlewares/secure_manager_api/ipc/nonsecure/src/psa_client.c:931:14:get_verbosity_level	24	static
D:/PhD/Workspace/Git_phd/phd/research/embedded_security/attest_app/Middlewares/secure_manager_api/ipc/nonsecure/src/psa_client.c:936:14:psa_connect	24	static
D:/PhD/Workspace/Git_phd/phd/research/embedded_security/attest_app/Middlewares/secure_manager_api/ipc/nonsecure/src/psa_client.c:941:14:psa_call	32	static
D:/PhD/Workspace/Git_phd/phd/research/embedded_security/attest_app/Middlewares/secure_manager_api/ipc/nonsecure/src/psa_client.c:954:6:psa_close	32	static
D:/PhD/Workspace/Git_phd/phd/research/embedded_security/attest_app/Middlewares/secure_manager_api/ipc/nonsecure/src/psa_client.c:962:6:psa_init_signal	32	static
